Archive member included to satisfy reference by file (symbol)

C:/Program Files/SEGGER/SEGGER Embedded Studio for ARM 5.70a/lib/libc_v7em_t_le_eabi.a(libc2.o)
                              Output/Release/Obj/ble_app_blinky_pca10040e_s112/nrf_log_str_formatter.o (isprint)
C:/Program Files/SEGGER/SEGGER Embedded Studio for ARM 5.70a/lib/libc_v7em_t_le_eabi.a(libc2_asm.o)
                              Output/Release/Obj/ble_app_blinky_pca10040e_s112/nrf_log_frontend.o (memcpy)
C:/Program Files/SEGGER/SEGGER Embedded Studio for ARM 5.70a/lib/libc_v7em_t_le_eabi.a(libvfprintf.o)
                              (__vfprintf_long)
C:/Program Files/SEGGER/SEGGER Embedded Studio for ARM 5.70a/lib/libc_v7em_t_le_eabi.a(libvfscanf.o)
                              (__vfscanf_long)
C:/Program Files/SEGGER/SEGGER Embedded Studio for ARM 5.70a/lib/libc_v7em_t_le_eabi.a(libc.o)
                              C:/Program Files/SEGGER/SEGGER Embedded Studio for ARM 5.70a/lib/libc_v7em_t_le_eabi.a(libc2.o) (__heap_lock)
C:/Program Files/SEGGER/SEGGER Embedded Studio for ARM 5.70a/lib/libc_v7em_t_le_eabi.a(libc_asm.o)
                              C:/Program Files/SEGGER/SEGGER Embedded Studio for ARM 5.70a/lib/libc_v7em_t_le_eabi.a(libc2.o) (__aeabi_uldivmod)
C:/Program Files/SEGGER/SEGGER Embedded Studio for ARM 5.70a/lib/libdebugio_v7em_t_le_eabi.a(libdebugio.o)
                              Output/Release/Obj/ble_app_blinky_pca10040e_s112/thumb_crt0.o (debug_fopen)
C:/Program Files/SEGGER/SEGGER Embedded Studio for ARM 5.70a/lib/libdebugio_v7em_t_le_eabi.a(do_nv_debug_operation.o)
                              C:/Program Files/SEGGER/SEGGER Embedded Studio for ARM 5.70a/lib/libdebugio_v7em_t_le_eabi.a(libdebugio.o) (__do_nvdebug_operation)
C:/Program Files/SEGGER/SEGGER Embedded Studio for ARM 5.70a/lib/libdebugio_v7em_t_le_eabi.a(mempoll_debug_operations.o)
                              (__do_debug_operation_mempoll)
C:/Program Files/SEGGER/SEGGER Embedded Studio for ARM 5.70a/lib/libm_v7em_t_le_eabi.a(libm_asm.o)
                              C:/Program Files/SEGGER/SEGGER Embedded Studio for ARM 5.70a/lib/libc_v7em_t_le_eabi.a(libc2.o) (__aeabi_fadd)
C:/Program Files/SEGGER/SEGGER Embedded Studio for ARM 5.70a/lib/libm_v7em_t_le_eabi.a(libm2.o)
                              C:/Program Files/SEGGER/SEGGER Embedded Studio for ARM 5.70a/lib/libc_v7em_t_le_eabi.a(libvfprintf.o) (frexp)

Discarded input sections

 .text          0x0000000000000000        0x0 Output/Release/Obj/ble_app_blinky_pca10040e_s112/thumb_crt0.o
 .data          0x0000000000000000        0x0 Output/Release/Obj/ble_app_blinky_pca10040e_s112/thumb_crt0.o
 .bss           0x0000000000000000        0x0 Output/Release/Obj/ble_app_blinky_pca10040e_s112/thumb_crt0.o
 .text.__aeabi_read_tp
                0x0000000000000000        0x8 Output/Release/Obj/ble_app_blinky_pca10040e_s112/thumb_crt0.o
 .text.abort    0x0000000000000000        0x2 Output/Release/Obj/ble_app_blinky_pca10040e_s112/thumb_crt0.o
 .text.__assert
                0x0000000000000000        0x2 Output/Release/Obj/ble_app_blinky_pca10040e_s112/thumb_crt0.o
 .text.__assert_func
                0x0000000000000000        0x2 Output/Release/Obj/ble_app_blinky_pca10040e_s112/thumb_crt0.o
 .text.__aeabi_assert
                0x0000000000000000        0x2 Output/Release/Obj/ble_app_blinky_pca10040e_s112/thumb_crt0.o
 .text.__sync_synchronize
                0x0000000000000000        0x2 Output/Release/Obj/ble_app_blinky_pca10040e_s112/thumb_crt0.o
 .text.__getchar
                0x0000000000000000        0x4 Output/Release/Obj/ble_app_blinky_pca10040e_s112/thumb_crt0.o
 .text.__putchar
                0x0000000000000000        0x4 Output/Release/Obj/ble_app_blinky_pca10040e_s112/thumb_crt0.o
 .text.__open   0x0000000000000000        0x4 Output/Release/Obj/ble_app_blinky_pca10040e_s112/thumb_crt0.o
 .text.__close  0x0000000000000000        0x4 Output/Release/Obj/ble_app_blinky_pca10040e_s112/thumb_crt0.o
 .text.__write  0x0000000000000000        0xa Output/Release/Obj/ble_app_blinky_pca10040e_s112/thumb_crt0.o
 .text.__read   0x0000000000000000        0xa Output/Release/Obj/ble_app_blinky_pca10040e_s112/thumb_crt0.o
 .text.__seek   0x0000000000000000       0x1a Output/Release/Obj/ble_app_blinky_pca10040e_s112/thumb_crt0.o
 .text.remove   0x0000000000000000        0x4 Output/Release/Obj/ble_app_blinky_pca10040e_s112/thumb_crt0.o
 .text.rename   0x0000000000000000        0x4 Output/Release/Obj/ble_app_blinky_pca10040e_s112/thumb_crt0.o
 .bss.__user_locale_name_buffer
                0x0000000000000000        0x4 Output/Release/Obj/ble_app_blinky_pca10040e_s112/thumb_crt0.o
 .stack         0x0000000000000000        0x0 Output/Release/Obj/ble_app_blinky_pca10040e_s112/thumb_crt0.o
 .stack_process
                0x0000000000000000        0x0 Output/Release/Obj/ble_app_blinky_pca10040e_s112/thumb_crt0.o
 .heap          0x0000000000000000        0x0 Output/Release/Obj/ble_app_blinky_pca10040e_s112/thumb_crt0.o
[...]
Memory Configuration

Name             Origin             Length             Attributes
UNPLACED_SECTIONS 0x0000000100000000 0x0000000000000000 xw
RAM1             0x0000000020000000 0x0000000000006000 xw
FLASH            0x0000000000000000 0x0000000000030000 xw
*default*        0x0000000000000000 0xffffffffffffffff

Linker script and memory map

                0x0000000000000000                __do_debug_operation = __do_debug_operation_mempoll
                0x0000000000000000                __vfprintf = __vfprintf_long
                0x0000000000000000                __vfscanf = __vfscanf_long
                0x0000000020000000                __RAM1_segment_start__ = 0x20000000
                0x0000000020006000                __RAM1_segment_end__ = 0x20006000
                0x0000000000006000                __RAM1_segment_size__ = 0x6000
                0x0000000000000000                __FLASH_segment_start__ = 0x0
                0x0000000000030000                __FLASH_segment_end__ = 0x30000
                0x0000000000030000                __FLASH_segment_size__ = 0x30000
                0x0000000000000800                __HEAPSIZE__ = 0x800
                0x0000000000000000                __STACKSIZE_PROCESS__ = 0x0
                0x0000000000000800                __STACKSIZE__ = 0x800
                0x0000000020000000                __reserved_ram_load_start__ = 0x20000000

.reserved_ram   0x0000000020000000     0x1ae0
                0x0000000020000000                __reserved_ram_start__ = .
 *(.reserved_ram .reserved_ram.*)
                0x0000000020001ae0                . = MAX (((__reserved_ram_start__ + 0x20001ae0) - 0x20000000), .)
 *fill*         0x0000000020000000     0x1ae0 
                0x0000000020001ae0                __reserved_ram_end__ = (__reserved_ram_start__ + SIZEOF (.reserved_ram))
                0x0000000000001ae0                __reserved_ram_size__ = SIZEOF (.reserved_ram)
                0x0000000020001ae0                __reserved_ram_load_end__ = __reserved_ram_end__
                0x0000000000000001                . = ASSERT (((__reserved_ram_start__ == __reserved_ram_end__) || ((__reserved_ram_end__ - __RAM1_segment_start__) <= __RAM1_segment_size__)), error: .reserved_ram is too large to fit in RAM1 memory segment)
                0x0000000020001ae0                __vectors_ram_load_start__ = 0x20001ae0

.vectors_ram    0x0000000020001ae0        0x0
                0x0000000020001ae0                __vectors_ram_start__ = .
                0x0000000020001ae0                __app_ram_start__ = __vectors_ram_start__
 *(.vectors_ram .vectors_ram.*)
                0x0000000020001ae0                __vectors_ram_end__ = (__vectors_ram_start__ + SIZEOF (.vectors_ram))
                0x0000000000000000                __vectors_ram_size__ = SIZEOF (.vectors_ram)
                0x0000000020001ae0                __vectors_ram_load_end__ = __vectors_ram_end__
                0x0000000000000001                . = ASSERT (((__vectors_ram_start__ == __vectors_ram_end__) || ((__vectors_ram_end__ - __RAM1_segment_start__) <= __RAM1_segment_size__)), error: .vectors_ram is too large to fit in RAM1 memory segment)
                0x0000000000000001                . = ASSERT ((__reserved_ram_end__ <= __vectors_ram_start__), error: section .reserved_ram overlaps absolute placed section .vectors_ram)
                0x0000000020001ae0                __nrf_sections_run_load_start__ = ALIGN (__vectors_ram_end__, 0x4)

.nrf_sections_run
                0x0000000020001ae0        0x0
                0x0000000020001ae0                __nrf_sections_run_start__ = .
                0x0000000020001ae0                __start_nrf_sections_run = __nrf_sections_run_start__
 *(.nrf_sections_run .nrf_sections_run.*)
                0x0000000020001ae0                __nrf_sections_run_end__ = (__nrf_sections_run_start__ + SIZEOF (.nrf_sections_run))
                0x0000000000000000                __nrf_sections_run_size__ = SIZEOF (.nrf_sections_run)
                0x0000000020001ae0                __nrf_sections_run_load_end__ = __nrf_sections_run_end__
                0x0000000000000001                . = ASSERT (((__nrf_sections_run_start__ == __nrf_sections_run_end__) || ((__nrf_sections_run_end__ - __RAM1_segment_start__) <= __RAM1_segment_size__)), error: .nrf_sections_run is too large to fit in RAM1 memory segment)
                0x0000000000000000                __reserved_flash_load_start__ = 0x0

.reserved_flash
                0x0000000000000000    0x19000
                0x0000000000000000                __reserved_flash_start__ = .
 *(.reserved_flash .reserved_flash.*)
                0x0000000000019000                . = MAX (((__reserved_flash_start__ + 0x19000) - 0x0), .)
 *fill*         0x0000000000000000    0x19000 
                0x0000000000019000                __reserved_flash_end__ = (__reserved_flash_start__ + SIZEOF (.reserved_flash))
                0x0000000000019000                __reserved_flash_size__ = SIZEOF (.reserved_flash)
                0x0000000000019000                __reserved_flash_load_end__ = __reserved_flash_end__
                0x0000000000000001                . = ASSERT (((__reserved_flash_start__ == __reserved_flash_end__) || ((__reserved_flash_end__ - __FLASH_segment_start__) <= __FLASH_segment_size__)), error: .reserved_flash is too large to fit in FLASH memory segment)
                0x0000000000019000                __vectors_load_start__ = 0x19000

.vectors        0x0000000000019000      0x200
                0x0000000000019000                __vectors_start__ = .
 *(.vectors .vectors.*)
 .vectors       0x0000000000019000      0x200 Output/Release/Obj/ble_app_blinky_pca10040e_s112/ses_startup_nrf52810.o
                0x0000000000019000                _vectors
                0x0000000000019200                __vectors_end__ = (__vectors_start__ + SIZEOF (.vectors))
                0x0000000000000200                __vectors_size__ = SIZEOF (.vectors)
                0x0000000000019200                __vectors_load_end__ = __vectors_end__
                0x0000000000000001                . = ASSERT (((__vectors_start__ == __vectors_end__) || ((__vectors_end__ - __FLASH_segment_start__) <= __FLASH_segment_size__)), error: .vectors is too large to fit in FLASH memory segment)
                0x0000000000000001                . = ASSERT ((__reserved_flash_end__ <= __vectors_start__), error: section .reserved_flash overlaps absolute placed section .vectors)
                0x0000000000019200                __init_load_start__ = ALIGN (__vectors_end__, 0x4)

.init           0x0000000000019200      0x1ec
                0x0000000000019200                __init_start__ = .
 *(.init .init.*)
 .init          0x0000000000019200      0x15c Output/Release/Obj/ble_app_blinky_pca10040e_s112/thumb_crt0.o
                0x0000000000019200                _start
                0x00000000000192b4                exit
 .init          0x000000000001935c       0x48 Output/Release/Obj/ble_app_blinky_pca10040e_s112/ses_startup_nrf52810.o
                0x000000000001935c                NMI_Handler
                0x000000000001935e                HardFault_Handler
                0x0000000000019360                MemoryManagement_Handler
                0x0000000000019362                BusFault_Handler
                0x0000000000019364                UsageFault_Handler
                0x0000000000019366                SVC_Handler
                0x0000000000019368                DebugMon_Handler
                0x000000000001936a                PendSV_Handler
                0x000000000001936c                SysTick_Handler
                0x000000000001936e                SWI0_EGU0_IRQHandler
                0x000000000001936e                SWI4_IRQHandler
                0x000000000001936e                TEMP_IRQHandler
                0x000000000001936e                RTC0_IRQHandler
                0x000000000001936e                PDM_IRQHandler
                0x000000000001936e                RADIO_IRQHandler
                0x000000000001936e                SWI5_IRQHandler
                0x000000000001936e                TIMER0_IRQHandler
                0x000000000001936e                Dummy_Handler
                0x000000000001936e                TIMER1_IRQHandler
                0x000000000001936e                ECB_IRQHandler
                0x000000000001936e                SWI3_IRQHandler
                0x000000000001936e                SPIM0_SPIS0_SPI0_IRQHandler
                0x000000000001936e                SAADC_IRQHandler
                0x000000000001936e                CCM_AAR_IRQHandler
                0x000000000001936e                WDT_IRQHandler
                0x000000000001936e                QDEC_IRQHandler
                0x000000000001936e                RNG_IRQHandler
                0x000000000001936e                COMP_IRQHandler
                0x000000000001936e                PWM0_IRQHandler
                0x000000000001936e                SWI1_EGU1_IRQHandler
                0x000000000001936e                TWIM0_TWIS0_TWI0_IRQHandler
                0x000000000001936e                TIMER2_IRQHandler
                0x0000000000019370                nRFInitialize
 .init          0x00000000000193a4       0x48 Output/Release/Obj/ble_app_blinky_pca10040e_s112/ses_startup_nrf_common.o
                0x00000000000193a4                Reset_Handler
                0x00000000000193a8                afterInitialize
                0x00000000000193ba                InitializeUserMemorySections
                0x00000000000193ec                __init_end__ = (__init_start__ + SIZEOF (.init))
                0x00000000000001ec                __init_size__ = SIZEOF (.init)
                0x00000000000193ec                __init_load_end__ = __init_end__
                0x0000000000000001                . = ASSERT (((__init_start__ == __init_end__) || ((__init_end__ - __FLASH_segment_start__) <= __FLASH_segment_size__)), error: .init is too large to fit in FLASH memory segment)
                0x00000000000193ec                __init_rodata_load_start__ = ALIGN (__init_end__, 0x4)

.init_rodata    0x00000000000193ec        0x0
                0x00000000000193ec                __init_rodata_start__ = .
 *(.init_rodata .init_rodata.*)
                0x00000000000193ec                __init_rodata_end__ = (__init_rodata_start__ + SIZEOF (.init_rodata))
                0x0000000000000000                __init_rodata_size__ = SIZEOF (.init_rodata)
                0x00000000000193ec                __init_rodata_load_end__ = __init_rodata_end__
                0x0000000000000001                . = ASSERT (((__init_rodata_start__ == __init_rodata_end__) || ((__init_rodata_end__ - __FLASH_segment_start__) <= __FLASH_segment_size__)), error: .init_rodata is too large to fit in FLASH memory segment)
                0x00000000000193ec                __text_load_start__ = ALIGN (__init_rodata_end__, 0x4)

.text           0x00000000000193ec     0x4a80
                0x00000000000193ec                __text_start__ = .
 *(.text .text.* .glue_7t .glue_7 .gnu.linkonce.t.* .gcc_except_table .ARM.extab* .gnu.linkonce.armextab.*)
 .glue_7        0x00000000000193ec        0x0 linker stubs
 .glue_7t       0x00000000000193ec        0x0 linker stubs
 .text.nrf_log_backend_rtt_flush
                0x00000000000193ec        0x2 Output/Release/Obj/ble_app_blinky_pca10040e_s112/nrf_log_backend_rtt.o
 *fill*         0x00000000000193ee        0x2 
 .text.nrf_log_backend_rtt_put
                0x00000000000193f0       0x1c Output/Release/Obj/ble_app_blinky_pca10040e_s112/nrf_log_backend_rtt.o
 .text.serial_tx
                0x000000000001940c       0x50 Output/Release/Obj/ble_app_blinky_pca10040e_s112/nrf_log_backend_rtt.o
 .text.nrf_log_backend_rtt_panic_set
                0x000000000001945c        0x2 Output/Release/Obj/ble_app_blinky_pca10040e_s112/nrf_log_backend_rtt.o
 .text.nrf_log_backend_rtt_init
                0x000000000001945e        0x4 Output/Release/Obj/ble_app_blinky_pca10040e_s112/nrf_log_backend_rtt.o
                0x000000000001945e                nrf_log_backend_rtt_init
 .text.nrf_log_backend_serial_put
                0x0000000000019462       0xc2 Output/Release/Obj/ble_app_blinky_pca10040e_s112/nrf_log_backend_serial.o
                0x0000000000019462                nrf_log_backend_serial_put
 .text.uart_evt_handler
                0x0000000000019524        0xc Output/Release/Obj/ble_app_blinky_pca10040e_s112/nrf_log_backend_uart.o
 .text.nrf_log_backend_uart_flush
                0x0000000000019530        0x2 Output/Release/Obj/ble_app_blinky_pca10040e_s112/nrf_log_backend_uart.o
 *fill*         0x0000000000019532        0x2 
 .text.uart_init
                0x0000000000019534       0x4c Output/Release/Obj/ble_app_blinky_pca10040e_s112/nrf_log_backend_uart.o
 .text.nrf_log_backend_uart_put
                0x0000000000019580       0x1c Output/Release/Obj/ble_app_blinky_pca10040e_s112/nrf_log_backend_uart.o
 .text.serial_tx
                0x000000000001959c       0x48 Output/Release/Obj/ble_app_blinky_pca10040e_s112/nrf_log_backend_uart.o
 .text.nrf_log_backend_uart_panic_set
                0x00000000000195e4       0x2c Output/Release/Obj/ble_app_blinky_pca10040e_s112/nrf_log_backend_uart.o
 .text.nrf_log_backend_uart_init
                0x0000000000019610        0x6 Output/Release/Obj/ble_app_blinky_pca10040e_s112/nrf_log_backend_uart.o
                0x0000000000019610                nrf_log_backend_uart_init
 *fill*         0x0000000000019616        0x2 
 .text.nrf_log_default_backends_init
                0x0000000000019618       0x38 Output/Release/Obj/ble_app_blinky_pca10040e_s112/nrf_log_default_backends.o
                0x0000000000019618                nrf_log_default_backends_init
 .text.invalid_packets_omit
                0x0000000000019650       0x38 Output/Release/Obj/ble_app_blinky_pca10040e_s112/nrf_log_frontend.o
 .text.buf_prealloc
                0x0000000000019688      0x128 Output/Release/Obj/ble_app_blinky_pca10040e_s112/nrf_log_frontend.o
 .text.nrf_log_init
                0x00000000000197b0       0x28 Output/Release/Obj/ble_app_blinky_pca10040e_s112/nrf_log_frontend.o
                0x00000000000197b0                nrf_log_init
 .text.nrf_log_module_name_get
                0x00000000000197d8       0x38 Output/Release/Obj/ble_app_blinky_pca10040e_s112/nrf_log_frontend.o
                0x00000000000197d8                nrf_log_module_name_get
 .text.nrf_log_color_id_get
                0x0000000000019810       0x2c Output/Release/Obj/ble_app_blinky_pca10040e_s112/nrf_log_frontend.o
                0x0000000000019810                nrf_log_color_id_get
 .text.log_pending_hook
                0x000000000001983c        0x2 Output/Release/Obj/ble_app_blinky_pca10040e_s112/nrf_log_frontend.o
                0x000000000001983c                log_pending_hook
 *fill*         0x000000000001983e        0x2 
 .text.buffer_is_empty
                0x0000000000019840       0x14 Output/Release/Obj/ble_app_blinky_pca10040e_s112/nrf_log_frontend.o
                0x0000000000019840                buffer_is_empty
 .text.nrf_log_frontend_dequeue
                0x0000000000019854      0x208 Output/Release/Obj/ble_app_blinky_pca10040e_s112/nrf_log_frontend.o
                0x0000000000019854                nrf_log_frontend_dequeue
 .text.std_n    0x0000000000019a5c       0x90 Output/Release/Obj/ble_app_blinky_pca10040e_s112/nrf_log_frontend.o
 .text.nrf_log_frontend_std_0
                0x0000000000019aec        0x8 Output/Release/Obj/ble_app_blinky_pca10040e_s112/nrf_log_frontend.o
                0x0000000000019aec                nrf_log_frontend_std_0
 .text.nrf_log_frontend_std_1
                0x0000000000019af4       0x12 Output/Release/Obj/ble_app_blinky_pca10040e_s112/nrf_log_frontend.o
                0x0000000000019af4                nrf_log_frontend_std_1
 .text.nrf_log_frontend_std_2
                0x0000000000019b06       0x14 Output/Release/Obj/ble_app_blinky_pca10040e_s112/nrf_log_frontend.o
                0x0000000000019b06                nrf_log_frontend_std_2
 *fill*         0x0000000000019b1a        0x2 
 .text.nrf_log_backend_add
                0x0000000000019b1c       0x44 Output/Release/Obj/ble_app_blinky_pca10040e_s112/nrf_log_frontend.o
                0x0000000000019b1c                nrf_log_backend_add
 .text.nrf_log_panic
                0x0000000000019b60       0x28 Output/Release/Obj/ble_app_blinky_pca10040e_s112/nrf_log_frontend.o
                0x0000000000019b60                nrf_log_panic
 .text.prefix_process
                0x0000000000019b88       0x78 Output/Release/Obj/ble_app_blinky_pca10040e_s112/nrf_log_str_formatter.o
 .text.postfix_process
                0x0000000000019c00       0x3c Output/Release/Obj/ble_app_blinky_pca10040e_s112/nrf_log_str_formatter.o
 .text.nrf_log_std_entry_process
                0x0000000000019c3c       0xc8 Output/Release/Obj/ble_app_blinky_pca10040e_s112/nrf_log_str_formatter.o
                0x0000000000019c3c                nrf_log_std_entry_process
 .text.nrf_log_hexdump_entry_process
                0x0000000000019d04       0xc0 Output/Release/Obj/ble_app_blinky_pca10040e_s112/nrf_log_str_formatter.o
                0x0000000000019d04                nrf_log_hexdump_entry_process
 .text.state_set
                0x0000000000019dc4       0x24 Output/Release/Obj/ble_app_blinky_pca10040e_s112/app_button.o
 .text.button_get
                0x0000000000019de8       0x30 Output/Release/Obj/ble_app_blinky_pca10040e_s112/app_button.o
 .text.usr_event
                0x0000000000019e18       0x1c Output/Release/Obj/ble_app_blinky_pca10040e_s112/app_button.o
 .text.timer_start
                0x0000000000019e34       0x18 Output/Release/Obj/ble_app_blinky_pca10040e_s112/app_button.o
 .text.gpiote_event_handler
                0x0000000000019e4c       0x34 Output/Release/Obj/ble_app_blinky_pca10040e_s112/app_button.o
 .text.evt_handle
                0x0000000000019e80       0xec Output/Release/Obj/ble_app_blinky_pca10040e_s112/app_button.o
                0x0000000000019e80                evt_handle
 .text.detection_delay_timeout_handler
                0x0000000000019f6c       0x5c Output/Release/Obj/ble_app_blinky_pca10040e_s112/app_button.o
 .text.app_button_init
                0x0000000000019fc8       0xb0 Output/Release/Obj/ble_app_blinky_pca10040e_s112/app_button.o
                0x0000000000019fc8                app_button_init
 .text.app_button_enable
                0x000000000001a078       0x2c Output/Release/Obj/ble_app_blinky_pca10040e_s112/app_button.o
                0x000000000001a078                app_button_enable
 .text.app_button_disable
                0x000000000001a0a4       0x58 Output/Release/Obj/ble_app_blinky_pca10040e_s112/app_button.o
                0x000000000001a0a4                app_button_disable
 .text.app_error_handler_bare
                0x000000000001a0fc       0x1a Output/Release/Obj/ble_app_blinky_pca10040e_s112/app_error.o
                0x000000000001a0fc                app_error_handler_bare
 *fill*         0x000000000001a116        0x2 
 .text.app_error_fault_handler
                0x000000000001a118       0x6c Output/Release/Obj/ble_app_blinky_pca10040e_s112/app_error_weak.o
                0x000000000001a118                app_error_fault_handler
 .text.compare_func
                0x000000000001a184       0x18 Output/Release/Obj/ble_app_blinky_pca10040e_s112/app_timer2.o
 .text.get_now  0x000000000001a19c       0x38 Output/Release/Obj/ble_app_blinky_pca10040e_s112/app_timer2.o
 .text.timer_req_schedule
                0x000000000001a1d4       0x38 Output/Release/Obj/ble_app_blinky_pca10040e_s112/app_timer2.o
 .text.timer_expire
                0x000000000001a20c       0xb0 Output/Release/Obj/ble_app_blinky_pca10040e_s112/app_timer2.o
 .text.app_timer_init
                0x000000000001a2bc       0x64 Output/Release/Obj/ble_app_blinky_pca10040e_s112/app_timer2.o
                0x000000000001a2bc                app_timer_init
 .text.app_timer_create
                0x000000000001a320       0x24 Output/Release/Obj/ble_app_blinky_pca10040e_s112/app_timer2.o
                0x000000000001a320                app_timer_create
 .text.app_timer_start
                0x000000000001a344       0x5c Output/Release/Obj/ble_app_blinky_pca10040e_s112/app_timer2.o
                0x000000000001a344                app_timer_start
 .text.app_timer_stop
                0x000000000001a3a0       0x4e Output/Release/Obj/ble_app_blinky_pca10040e_s112/app_timer2.o
                0x000000000001a3a0                app_timer_stop
 *fill*         0x000000000001a3ee        0x2 
 .text.app_timer_cnt_get
                0x000000000001a3f0        0xc Output/Release/Obj/ble_app_blinky_pca10040e_s112/app_timer2.o
                0x000000000001a3f0                app_timer_cnt_get
 .text.rtc_irq  0x000000000001a3fc      0x1bc Output/Release/Obj/ble_app_blinky_pca10040e_s112/app_timer2.o
 .text.app_util_critical_region_enter
                0x000000000001a5b8       0x48 Output/Release/Obj/ble_app_blinky_pca10040e_s112/app_util_platform.o
                0x000000000001a5b8                app_util_critical_region_enter
 .text.app_util_critical_region_exit
                0x000000000001a600       0x2c Output/Release/Obj/ble_app_blinky_pca10040e_s112/app_util_platform.o
                0x000000000001a600                app_util_critical_region_exit
 .text.evt_pending.isra.0
                0x000000000001a62c       0x18 Output/Release/Obj/ble_app_blinky_pca10040e_s112/drv_rtc.o
 .text.drv_rtc_init
                0x000000000001a644       0xa4 Output/Release/Obj/ble_app_blinky_pca10040e_s112/drv_rtc.o
                0x000000000001a644                drv_rtc_init
 .text.drv_rtc_start
                0x000000000001a6e8        0x8 Output/Release/Obj/ble_app_blinky_pca10040e_s112/drv_rtc.o
                0x000000000001a6e8                drv_rtc_start
 .text.drv_rtc_stop
                0x000000000001a6f0        0x8 Output/Release/Obj/ble_app_blinky_pca10040e_s112/drv_rtc.o
                0x000000000001a6f0                drv_rtc_stop
 .text.drv_rtc_compare_set
                0x000000000001a6f8       0x3e Output/Release/Obj/ble_app_blinky_pca10040e_s112/drv_rtc.o
                0x000000000001a6f8                drv_rtc_compare_set
 *fill*         0x000000000001a736        0x2 
 .text.drv_rtc_windowed_compare_set
                0x000000000001a738       0xf0 Output/Release/Obj/ble_app_blinky_pca10040e_s112/drv_rtc.o
                0x000000000001a738                drv_rtc_windowed_compare_set
 .text.drv_rtc_overflow_enable
                0x000000000001a828       0x10 Output/Release/Obj/ble_app_blinky_pca10040e_s112/drv_rtc.o
                0x000000000001a828                drv_rtc_overflow_enable
 .text.drv_rtc_overflow_pending
                0x000000000001a838        0xa Output/Release/Obj/ble_app_blinky_pca10040e_s112/drv_rtc.o
                0x000000000001a838                drv_rtc_overflow_pending
 .text.drv_rtc_compare_disable
                0x000000000001a842       0x14 Output/Release/Obj/ble_app_blinky_pca10040e_s112/drv_rtc.o
                0x000000000001a842                drv_rtc_compare_disable
 .text.drv_rtc_compare_pending
                0x000000000001a856        0xc Output/Release/Obj/ble_app_blinky_pca10040e_s112/drv_rtc.o
                0x000000000001a856                drv_rtc_compare_pending
 .text.drv_rtc_counter_get
                0x000000000001a862        0x8 Output/Release/Obj/ble_app_blinky_pca10040e_s112/drv_rtc.o
                0x000000000001a862                drv_rtc_counter_get
 *fill*         0x000000000001a86a        0x2 
 .text.drv_rtc_irq_trigger
                0x000000000001a86c       0x24 Output/Release/Obj/ble_app_blinky_pca10040e_s112/drv_rtc.o
                0x000000000001a86c                drv_rtc_irq_trigger
 .text.RTC1_IRQHandler
                0x000000000001a890       0x14 Output/Release/Obj/ble_app_blinky_pca10040e_s112/drv_rtc.o
                0x000000000001a890                RTC1_IRQHandler
 .text.nrf_atfifo_init
                0x000000000001a8a4       0x26 Output/Release/Obj/ble_app_blinky_pca10040e_s112/nrf_atfifo.o
                0x000000000001a8a4                nrf_atfifo_init
 .text.nrf_atfifo_item_alloc
                0x000000000001a8ca       0x54 Output/Release/Obj/ble_app_blinky_pca10040e_s112/nrf_atfifo.o
                0x000000000001a8ca                nrf_atfifo_item_alloc
 .text.nrf_atfifo_item_put
                0x000000000001a91e       0x20 Output/Release/Obj/ble_app_blinky_pca10040e_s112/nrf_atfifo.o
                0x000000000001a91e                nrf_atfifo_item_put
 .text.nrf_atfifo_item_get
                0x000000000001a93e       0x56 Output/Release/Obj/ble_app_blinky_pca10040e_s112/nrf_atfifo.o
                0x000000000001a93e                nrf_atfifo_item_get
 .text.nrf_atfifo_item_free
                0x000000000001a994       0x20 Output/Release/Obj/ble_app_blinky_pca10040e_s112/nrf_atfifo.o
                0x000000000001a994                nrf_atfifo_item_free
 .text.nrf_atflags_set
                0x000000000001a9b4       0x12 Output/Release/Obj/ble_app_blinky_pca10040e_s112/nrf_atflags.o
                0x000000000001a9b4                nrf_atflags_set
 .text.nrf_atflags_clear
                0x000000000001a9c6       0x14 Output/Release/Obj/ble_app_blinky_pca10040e_s112/nrf_atflags.o
                0x000000000001a9c6                nrf_atflags_clear
 .text.nrf_atflags_get
                0x000000000001a9da       0x12 Output/Release/Obj/ble_app_blinky_pca10040e_s112/nrf_atflags.o
                0x000000000001a9da                nrf_atflags_get
 .text.nrf_atomic_u32_fetch_store
                0x000000000001a9ec       0x16 Output/Release/Obj/ble_app_blinky_pca10040e_s112/nrf_atomic.o
                0x000000000001a9ec                nrf_atomic_u32_fetch_store
 .text.nrf_atomic_u32_or
                0x000000000001aa02       0x18 Output/Release/Obj/ble_app_blinky_pca10040e_s112/nrf_atomic.o
                0x000000000001aa02                nrf_atomic_u32_or
 .text.nrf_atomic_u32_fetch_and
                0x000000000001aa1a       0x18 Output/Release/Obj/ble_app_blinky_pca10040e_s112/nrf_atomic.o
                0x000000000001aa1a                nrf_atomic_u32_fetch_and
 .text.nrf_atomic_u32_and
                0x000000000001aa32       0x18 Output/Release/Obj/ble_app_blinky_pca10040e_s112/nrf_atomic.o
                0x000000000001aa32                nrf_atomic_u32_and
 .text.nrf_atomic_u32_add
                0x000000000001aa4a       0x18 Output/Release/Obj/ble_app_blinky_pca10040e_s112/nrf_atomic.o
                0x000000000001aa4a                nrf_atomic_u32_add
 .text.nrf_atomic_u32_sub
                0x000000000001aa62       0x18 Output/Release/Obj/ble_app_blinky_pca10040e_s112/nrf_atomic.o
                0x000000000001aa62                nrf_atomic_u32_sub
 .text.nrf_atomic_flag_set
                0x000000000001aa7a        0x6 Output/Release/Obj/ble_app_blinky_pca10040e_s112/nrf_atomic.o
                0x000000000001aa7a                nrf_atomic_flag_set
 .text.nrf_atomic_flag_clear_fetch
                0x000000000001aa80        0x6 Output/Release/Obj/ble_app_blinky_pca10040e_s112/nrf_atomic.o
                0x000000000001aa80                nrf_atomic_flag_clear_fetch
 .text.nrf_balloc_init
                0x000000000001aa86       0x2e Output/Release/Obj/ble_app_blinky_pca10040e_s112/nrf_balloc.o
                0x000000000001aa86                nrf_balloc_init
 .text.nrf_balloc_alloc
                0x000000000001aab4       0x48 Output/Release/Obj/ble_app_blinky_pca10040e_s112/nrf_balloc.o
                0x000000000001aab4                nrf_balloc_alloc
 .text.nrf_balloc_free
                0x000000000001aafc       0x34 Output/Release/Obj/ble_app_blinky_pca10040e_s112/nrf_balloc.o
                0x000000000001aafc                nrf_balloc_free
 .text.nrf_fprintf_buffer_flush
                0x000000000001ab30       0x16 Output/Release/Obj/ble_app_blinky_pca10040e_s112/nrf_fprintf.o
                0x000000000001ab30                nrf_fprintf_buffer_flush
 .text.nrf_fprintf
                0x000000000001ab46       0x1c Output/Release/Obj/ble_app_blinky_pca10040e_s112/nrf_fprintf.o
                0x000000000001ab46                nrf_fprintf
 .text.buffer_add
                0x000000000001ab62       0x2e Output/Release/Obj/ble_app_blinky_pca10040e_s112/nrf_fprintf_format.o
 .text.unsigned_print
                0x000000000001ab90       0xb4 Output/Release/Obj/ble_app_blinky_pca10040e_s112/nrf_fprintf_format.o
 .text.nrf_fprintf_fmt
                0x000000000001ac44      0x294 Output/Release/Obj/ble_app_blinky_pca10040e_s112/nrf_fprintf_format.o
                0x000000000001ac44                nrf_fprintf_fmt
 .text.memobj_op
                0x000000000001aed8       0x86 Output/Release/Obj/ble_app_blinky_pca10040e_s112/nrf_memobj.o
 .text.nrf_memobj_pool_init
                0x000000000001af5e        0x4 Output/Release/Obj/ble_app_blinky_pca10040e_s112/nrf_memobj.o
                0x000000000001af5e                nrf_memobj_pool_init
 .text.nrf_memobj_free
                0x000000000001af62       0x2c Output/Release/Obj/ble_app_blinky_pca10040e_s112/nrf_memobj.o
                0x000000000001af62                nrf_memobj_free
 .text.nrf_memobj_alloc
                0x000000000001af8e       0x5e Output/Release/Obj/ble_app_blinky_pca10040e_s112/nrf_memobj.o
                0x000000000001af8e                nrf_memobj_alloc
 .text.nrf_memobj_get
                0x000000000001afec        0x8 Output/Release/Obj/ble_app_blinky_pca10040e_s112/nrf_memobj.o
                0x000000000001afec                nrf_memobj_get
 .text.nrf_memobj_put
                0x000000000001aff4       0x1c Output/Release/Obj/ble_app_blinky_pca10040e_s112/nrf_memobj.o
                0x000000000001aff4                nrf_memobj_put
 .text.nrf_memobj_write
                0x000000000001b010       0x14 Output/Release/Obj/ble_app_blinky_pca10040e_s112/nrf_memobj.o
                0x000000000001b010                nrf_memobj_write
 .text.nrf_memobj_read
                0x000000000001b024       0x14 Output/Release/Obj/ble_app_blinky_pca10040e_s112/nrf_memobj.o
                0x000000000001b024                nrf_memobj_read
 .text.sd_app_evt_wait
                0x000000000001b038        0x4 Output/Release/Obj/ble_app_blinky_pca10040e_s112/nrf_pwr_mgmt.o
 .text.nrf_pwr_mgmt_init
                0x000000000001b03c       0x2c Output/Release/Obj/ble_app_blinky_pca10040e_s112/nrf_pwr_mgmt.o
                0x000000000001b03c                nrf_pwr_mgmt_init
 .text.nrf_pwr_mgmt_run
                0x000000000001b068       0x18 Output/Release/Obj/ble_app_blinky_pca10040e_s112/nrf_pwr_mgmt.o
                0x000000000001b068                nrf_pwr_mgmt_run
 .text.nrf_ringbuf_init
                0x000000000001b080       0x12 Output/Release/Obj/ble_app_blinky_pca10040e_s112/nrf_ringbuf.o
                0x000000000001b080                nrf_ringbuf_init
 .text.nrf_section_iter_init
                0x000000000001b092       0x14 Output/Release/Obj/ble_app_blinky_pca10040e_s112/nrf_section_iter.o
                0x000000000001b092                nrf_section_iter_init
 .text.nrf_section_iter_next
                0x000000000001b0a6       0x18 Output/Release/Obj/ble_app_blinky_pca10040e_s112/nrf_section_iter.o
                0x000000000001b0a6                nrf_section_iter_next
 .text.nrf_sortlist_add
                0x000000000001b0be       0x20 Output/Release/Obj/ble_app_blinky_pca10040e_s112/nrf_sortlist.o
                0x000000000001b0be                nrf_sortlist_add
 .text.nrf_sortlist_pop
                0x000000000001b0de        0xc Output/Release/Obj/ble_app_blinky_pca10040e_s112/nrf_sortlist.o
                0x000000000001b0de                nrf_sortlist_pop
 .text.nrf_sortlist_peek
                0x000000000001b0ea        0x6 Output/Release/Obj/ble_app_blinky_pca10040e_s112/nrf_sortlist.o
                0x000000000001b0ea                nrf_sortlist_peek
 .text.nrf_sortlist_remove
                0x000000000001b0f0       0x1a Output/Release/Obj/ble_app_blinky_pca10040e_s112/nrf_sortlist.o
                0x000000000001b0f0                nrf_sortlist_remove
 *fill*         0x000000000001b10a        0x2 
 .text.nrf_strerror_find
                0x000000000001b10c       0x3c Output/Release/Obj/ble_app_blinky_pca10040e_s112/nrf_strerror.o
                0x000000000001b10c                nrf_strerror_find
 .text.nrf_strerror_get
                0x000000000001b148       0x14 Output/Release/Obj/ble_app_blinky_pca10040e_s112/nrf_strerror.o
                0x000000000001b148                nrf_strerror_get
 .text.__NVIC_SystemReset
                0x000000000001b15c       0x24 Output/Release/Obj/ble_app_blinky_pca10040e_s112/system_nrf52810.o
 .text.nrf52_errata_12
                0x000000000001b180       0x1c Output/Release/Obj/ble_app_blinky_pca10040e_s112/system_nrf52810.o
 .text.nrf52_errata_16
                0x000000000001b19c       0x28 Output/Release/Obj/ble_app_blinky_pca10040e_s112/system_nrf52810.o
 .text.nrf52_errata_31
                0x000000000001b1c4       0x26 Output/Release/Obj/ble_app_blinky_pca10040e_s112/system_nrf52810.o
 *fill*         0x000000000001b1ea        0x2 
 .text.nvmc_wait
                0x000000000001b1ec       0x10 Output/Release/Obj/ble_app_blinky_pca10040e_s112/system_nrf52810.o
                0x000000000001b1ec                nvmc_wait
 .text.SystemInit
                0x000000000001b1fc      0x2b4 Output/Release/Obj/ble_app_blinky_pca10040e_s112/system_nrf52810.o
                0x000000000001b1fc                SystemInit
 .text.bsp_board_led_on
                0x000000000001b4b0       0x18 Output/Release/Obj/ble_app_blinky_pca10040e_s112/boards.o
                0x000000000001b4b0                bsp_board_led_on
 .text.bsp_board_led_off
                0x000000000001b4c8       0x18 Output/Release/Obj/ble_app_blinky_pca10040e_s112/boards.o
                0x000000000001b4c8                bsp_board_led_off
 .text.bsp_board_leds_off
                0x000000000001b4e0       0x1e Output/Release/Obj/ble_app_blinky_pca10040e_s112/boards.o
                0x000000000001b4e0                bsp_board_leds_off
 .text.bsp_board_init
                0x000000000001b4fe       0x3e Output/Release/Obj/ble_app_blinky_pca10040e_s112/boards.o
                0x000000000001b4fe                bsp_board_init
 .text.clock_clk_started_notify
                0x000000000001b53c       0x24 Output/Release/Obj/ble_app_blinky_pca10040e_s112/nrf_drv_clock.o
 .text.clock_irq_handler
                0x000000000001b560       0x1c Output/Release/Obj/ble_app_blinky_pca10040e_s112/nrf_drv_clock.o
 .text.soc_evt_handler
                0x000000000001b57c       0x14 Output/Release/Obj/ble_app_blinky_pca10040e_s112/nrf_drv_clock.o
 .text.nrf_drv_clock_init
                0x000000000001b590       0x48 Output/Release/Obj/ble_app_blinky_pca10040e_s112/nrf_drv_clock.o
                0x000000000001b590                nrf_drv_clock_init
 .text.nrf_drv_clock_lfclk_release
                0x000000000001b5d8       0x40 Output/Release/Obj/ble_app_blinky_pca10040e_s112/nrf_drv_clock.o
                0x000000000001b5d8                nrf_drv_clock_lfclk_release
 .text.sd_state_evt_handler
                0x000000000001b618       0x64 Output/Release/Obj/ble_app_blinky_pca10040e_s112/nrf_drv_clock.o
 .text.uarte_evt_handler
                0x000000000001b67c       0x34 Output/Release/Obj/ble_app_blinky_pca10040e_s112/nrf_drv_uart.o
 .text.uart_evt_handler
                0x000000000001b6b0       0x34 Output/Release/Obj/ble_app_blinky_pca10040e_s112/nrf_drv_uart.o
 .text.nrf_drv_uart_init
                0x000000000001b6e4       0x7c Output/Release/Obj/ble_app_blinky_pca10040e_s112/nrf_drv_uart.o
                0x000000000001b6e4                nrf_drv_uart_init
 .text.nrf_clock_event_clear
                0x000000000001b760       0x14 Output/Release/Obj/ble_app_blinky_pca10040e_s112/nrfx_clock.o
 .text.nrfx_clock_init
                0x000000000001b774       0x18 Output/Release/Obj/ble_app_blinky_pca10040e_s112/nrfx_clock.o
                0x000000000001b774                nrfx_clock_init
 .text.nrfx_clock_enable
                0x000000000001b78c       0x24 Output/Release/Obj/ble_app_blinky_pca10040e_s112/nrfx_clock.o
                0x000000000001b78c                nrfx_clock_enable
 .text.nrfx_clock_lfclk_stop
                0x000000000001b7b0       0x22 Output/Release/Obj/ble_app_blinky_pca10040e_s112/nrfx_clock.o
                0x000000000001b7b0                nrfx_clock_lfclk_stop
 *fill*         0x000000000001b7d2        0x2 
 .text.POWER_CLOCK_IRQHandler
                0x000000000001b7d4       0x50 Output/Release/Obj/ble_app_blinky_pca10040e_s112/nrfx_clock.o
                0x000000000001b7d4                POWER_CLOCK_IRQHandler
 .text.nrf_gpiote_event_clear
                0x000000000001b824       0x18 Output/Release/Obj/ble_app_blinky_pca10040e_s112/nrfx_gpiote.o
 .text.nrf_gpio_cfg_sense_set
                0x000000000001b83c       0x20 Output/Release/Obj/ble_app_blinky_pca10040e_s112/nrfx_gpiote.o
 .text.channel_free
                0x000000000001b85c       0x1c Output/Release/Obj/ble_app_blinky_pca10040e_s112/nrfx_gpiote.o
 .text.nrfx_gpiote_init
                0x000000000001b878       0x70 Output/Release/Obj/ble_app_blinky_pca10040e_s112/nrfx_gpiote.o
                0x000000000001b878                nrfx_gpiote_init
 .text.nrfx_gpiote_is_init
                0x000000000001b8e8       0x14 Output/Release/Obj/ble_app_blinky_pca10040e_s112/nrfx_gpiote.o
                0x000000000001b8e8                nrfx_gpiote_is_init
 .text.nrfx_gpiote_in_init
                0x000000000001b8fc       0xf0 Output/Release/Obj/ble_app_blinky_pca10040e_s112/nrfx_gpiote.o
                0x000000000001b8fc                nrfx_gpiote_in_init
 .text.nrfx_gpiote_in_event_enable
                0x000000000001b9ec       0x8c Output/Release/Obj/ble_app_blinky_pca10040e_s112/nrfx_gpiote.o
                0x000000000001b9ec                nrfx_gpiote_in_event_enable
 .text.nrfx_gpiote_in_event_disable
                0x000000000001ba78       0x44 Output/Release/Obj/ble_app_blinky_pca10040e_s112/nrfx_gpiote.o
                0x000000000001ba78                nrfx_gpiote_in_event_disable
 .text.nrfx_gpiote_in_is_set
                0x000000000001babc       0x12 Output/Release/Obj/ble_app_blinky_pca10040e_s112/nrfx_gpiote.o
                0x000000000001babc                nrfx_gpiote_in_is_set
 *fill*         0x000000000001bace        0x2 
 .text.GPIOTE_IRQHandler
                0x000000000001bad0      0x14c Output/Release/Obj/ble_app_blinky_pca10040e_s112/nrfx_gpiote.o
                0x000000000001bad0                GPIOTE_IRQHandler
 .text.UARTE0_UART0_IRQHandler
                0x000000000001bc1c        0xc Output/Release/Obj/ble_app_blinky_pca10040e_s112/nrfx_prs.o
                0x000000000001bc1c                UARTE0_UART0_IRQHandler
 .text.nrfx_prs_acquire
                0x000000000001bc28       0x44 Output/Release/Obj/ble_app_blinky_pca10040e_s112/nrfx_prs.o
                0x000000000001bc28                nrfx_prs_acquire
 .text.nrfx_prs_release
                0x000000000001bc6c       0x18 Output/Release/Obj/ble_app_blinky_pca10040e_s112/nrfx_prs.o
                0x000000000001bc6c                nrfx_prs_release
 .text.nrf_uart_event_clear
                0x000000000001bc84       0x10 Output/Release/Obj/ble_app_blinky_pca10040e_s112/nrfx_uart.o
 .text.tx_byte  0x000000000001bc94       0x1e Output/Release/Obj/ble_app_blinky_pca10040e_s112/nrfx_uart.o
 .text.rx_byte  0x000000000001bcb2       0x2c Output/Release/Obj/ble_app_blinky_pca10040e_s112/nrfx_uart.o
 *fill*         0x000000000001bcde        0x2 
 .text.rx_done_event.constprop.0
                0x000000000001bce0       0x20 Output/Release/Obj/ble_app_blinky_pca10040e_s112/nrfx_uart.o
 .text.nrfx_uart_0_irq_handler
                0x000000000001bd00      0x140 Output/Release/Obj/ble_app_blinky_pca10040e_s112/nrfx_uart.o
                0x000000000001bd00                nrfx_uart_0_irq_handler
 .text.nrfx_uart_init
                0x000000000001be40      0x168 Output/Release/Obj/ble_app_blinky_pca10040e_s112/nrfx_uart.o
                0x000000000001be40                nrfx_uart_init
 .text.nrfx_uart_uninit
                0x000000000001bfa8       0xd4 Output/Release/Obj/ble_app_blinky_pca10040e_s112/nrfx_uart.o
                0x000000000001bfa8                nrfx_uart_uninit
 .text.nrfx_uart_tx_in_progress
                0x000000000001c07c       0x18 Output/Release/Obj/ble_app_blinky_pca10040e_s112/nrfx_uart.o
                0x000000000001c07c                nrfx_uart_tx_in_progress
 .text.nrfx_uart_tx
                0x000000000001c094       0xa0 Output/Release/Obj/ble_app_blinky_pca10040e_s112/nrfx_uart.o
                0x000000000001c094                nrfx_uart_tx
 .text.nrf_uarte_event_clear
                0x000000000001c134       0x10 Output/Release/Obj/ble_app_blinky_pca10040e_s112/nrfx_uarte.o
 .text.rx_done_event.constprop.0
                0x000000000001c144       0x20 Output/Release/Obj/ble_app_blinky_pca10040e_s112/nrfx_uarte.o
 .text.nrfx_uarte_0_irq_handler
                0x000000000001c164      0x118 Output/Release/Obj/ble_app_blinky_pca10040e_s112/nrfx_uarte.o
                0x000000000001c164                nrfx_uarte_0_irq_handler
 .text.nrfx_uarte_init
                0x000000000001c27c      0x184 Output/Release/Obj/ble_app_blinky_pca10040e_s112/nrfx_uarte.o
                0x000000000001c27c                nrfx_uarte_init
 .text.nrfx_uarte_uninit
                0x000000000001c400      0x120 Output/Release/Obj/ble_app_blinky_pca10040e_s112/nrfx_uarte.o
                0x000000000001c400                nrfx_uarte_uninit
 .text.nrfx_uarte_tx_in_progress
                0x000000000001c520       0x18 Output/Release/Obj/ble_app_blinky_pca10040e_s112/nrfx_uarte.o
                0x000000000001c520                nrfx_uarte_tx_in_progress
 .text.nrfx_uarte_tx
                0x000000000001c538       0x9c Output/Release/Obj/ble_app_blinky_pca10040e_s112/nrfx_uarte.o
                0x000000000001c538                nrfx_uarte_tx
 .text.sd_ble_gap_adv_set_configure
                0x000000000001c5d4        0x4 Output/Release/Obj/ble_app_blinky_pca10040e_s112/main_peripheral.o
 .text.sd_ble_gap_adv_start
                0x000000000001c5d8        0x4 Output/Release/Obj/ble_app_blinky_pca10040e_s112/main_peripheral.o
 .text.sd_ble_gap_disconnect
                0x000000000001c5dc        0x4 Output/Release/Obj/ble_app_blinky_pca10040e_s112/main_peripheral.o
 .text.sd_ble_gap_ppcp_set
                0x000000000001c5e0        0x4 Output/Release/Obj/ble_app_blinky_pca10040e_s112/main_peripheral.o
 .text.sd_ble_gap_device_name_set
                0x000000000001c5e4        0x4 Output/Release/Obj/ble_app_blinky_pca10040e_s112/main_peripheral.o
 .text.sd_ble_gap_sec_params_reply
                0x000000000001c5e8        0x4 Output/Release/Obj/ble_app_blinky_pca10040e_s112/main_peripheral.o
 .text.sd_ble_gap_phy_update
                0x000000000001c5ec        0x4 Output/Release/Obj/ble_app_blinky_pca10040e_s112/main_peripheral.o
 .text.sd_ble_gatts_sys_attr_set
                0x000000000001c5f0        0x4 Output/Release/Obj/ble_app_blinky_pca10040e_s112/main_peripheral.o
 .text.nrf_qwr_error_handler
                0x000000000001c5f4        0x4 Output/Release/Obj/ble_app_blinky_pca10040e_s112/main_peripheral.o
 .text.advertising_start
                0x000000000001c5f8       0x20 Output/Release/Obj/ble_app_blinky_pca10040e_s112/main_peripheral.o
 .text.ble_evt_handler
                0x000000000001c618      0x100 Output/Release/Obj/ble_app_blinky_pca10040e_s112/main_peripheral.o
 .text.on_conn_params_evt
                0x000000000001c718       0x20 Output/Release/Obj/ble_app_blinky_pca10040e_s112/main_peripheral.o
 .text.button_event_handler
                0x000000000001c738       0x5c Output/Release/Obj/ble_app_blinky_pca10040e_s112/main_peripheral.o
 .text.led_write_handler
                0x000000000001c794       0x3c Output/Release/Obj/ble_app_blinky_pca10040e_s112/main_peripheral.o
 .text.conn_params_error_handler
                0x000000000001c7d0        0x4 Output/Release/Obj/ble_app_blinky_pca10040e_s112/main_peripheral.o
 .text.startup.main
                0x000000000001c7d4      0x1f8 Output/Release/Obj/ble_app_blinky_pca10040e_s112/main_peripheral.o
                0x000000000001c7d4                main
 .text._GetAvailWriteSpace
                0x000000000001c9cc       0x12 Output/Release/Obj/ble_app_blinky_pca10040e_s112/SEGGER_RTT.o
 .text._WriteNoCheck
                0x000000000001c9de       0x38 Output/Release/Obj/ble_app_blinky_pca10040e_s112/SEGGER_RTT.o
 .text._WriteBlocking
                0x000000000001ca16       0x52 Output/Release/Obj/ble_app_blinky_pca10040e_s112/SEGGER_RTT.o
 .text._DoInit  0x000000000001ca68       0x60 Output/Release/Obj/ble_app_blinky_pca10040e_s112/SEGGER_RTT.o
 .text.SEGGER_RTT_WriteNoLock
                0x000000000001cac8       0x60 Output/Release/Obj/ble_app_blinky_pca10040e_s112/SEGGER_RTT.o
                0x000000000001cac8                SEGGER_RTT_WriteNoLock
 .text.SEGGER_RTT_Init
                0x000000000001cb28        0x4 Output/Release/Obj/ble_app_blinky_pca10040e_s112/SEGGER_RTT.o
                0x000000000001cb28                SEGGER_RTT_Init
 .text.sd_ble_gap_addr_get
                0x000000000001cb2c        0x4 Output/Release/Obj/ble_app_blinky_pca10040e_s112/ble_advdata.o
 .text.sd_ble_gap_appearance_get
                0x000000000001cb30        0x4 Output/Release/Obj/ble_app_blinky_pca10040e_s112/ble_advdata.o
 .text.sd_ble_gap_device_name_get
                0x000000000001cb34        0x4 Output/Release/Obj/ble_app_blinky_pca10040e_s112/ble_advdata.o
 .text.sd_ble_uuid_encode
                0x000000000001cb38        0x4 Output/Release/Obj/ble_app_blinky_pca10040e_s112/ble_advdata.o
 .text.uuid_list_sized_encode
                0x000000000001cb3c       0xac Output/Release/Obj/ble_app_blinky_pca10040e_s112/ble_advdata.o
 .text.uuid_list_encode
                0x000000000001cbe8       0x38 Output/Release/Obj/ble_app_blinky_pca10040e_s112/ble_advdata.o
 .text.ble_advdata_encode
                0x000000000001cc20      0x394 Output/Release/Obj/ble_app_blinky_pca10040e_s112/ble_advdata.o
                0x000000000001cc20                ble_advdata_encode
 .text.sd_ble_gap_conn_param_update
                0x000000000001cfb4        0x4 Output/Release/Obj/ble_app_blinky_pca10040e_s112/ble_conn_params.o
 .text.sd_ble_gap_disconnect
                0x000000000001cfb8        0x4 Output/Release/Obj/ble_app_blinky_pca10040e_s112/ble_conn_params.o
 .text.sd_ble_gap_ppcp_set
                0x000000000001cfbc        0x4 Output/Release/Obj/ble_app_blinky_pca10040e_s112/ble_conn_params.o
 .text.sd_ble_gap_ppcp_get
                0x000000000001cfc0        0x4 Output/Release/Obj/ble_app_blinky_pca10040e_s112/ble_conn_params.o
 .text.instance_get
                0x000000000001cfc4       0x14 Output/Release/Obj/ble_app_blinky_pca10040e_s112/ble_conn_params.o
 .text.send_error_evt
                0x000000000001cfd8       0x10 Output/Release/Obj/ble_app_blinky_pca10040e_s112/ble_conn_params.o
 .text.update_timeout_handler
                0x000000000001cfe8       0x70 Output/Release/Obj/ble_app_blinky_pca10040e_s112/ble_conn_params.o
 .text.conn_params_negotiation
                0x000000000001d058       0x48 Output/Release/Obj/ble_app_blinky_pca10040e_s112/ble_conn_params.o
 .text.is_conn_params_ok.constprop.0
                0x000000000001d0a0       0x32 Output/Release/Obj/ble_app_blinky_pca10040e_s112/ble_conn_params.o
 *fill*         0x000000000001d0d2        0x2 
 .text.ble_evt_handler
                0x000000000001d0d4       0xe0 Output/Release/Obj/ble_app_blinky_pca10040e_s112/ble_conn_params.o
 .text.ble_conn_params_init
                0x000000000001d1b4       0x74 Output/Release/Obj/ble_app_blinky_pca10040e_s112/ble_conn_params.o
                0x000000000001d1b4                ble_conn_params_init
 .text.flag_toggle
                0x000000000001d228        0xa Output/Release/Obj/ble_app_blinky_pca10040e_s112/ble_conn_state.o
 .text.conn_handle_list_get
                0x000000000001d232       0x2e Output/Release/Obj/ble_app_blinky_pca10040e_s112/ble_conn_state.o
                0x000000000001d232                conn_handle_list_get
 .text.ble_evt_handler
                0x000000000001d260       0xf4 Output/Release/Obj/ble_app_blinky_pca10040e_s112/ble_conn_state.o
 .text.sd_ble_gatts_characteristic_add
                0x000000000001d354        0x4 Output/Release/Obj/ble_app_blinky_pca10040e_s112/ble_srv_common.o
 .text.set_security_req
                0x000000000001d358       0x2a Output/Release/Obj/ble_app_blinky_pca10040e_s112/ble_srv_common.o
 .text.ble_srv_is_notification_enabled
                0x000000000001d382        0x8 Output/Release/Obj/ble_app_blinky_pca10040e_s112/ble_srv_common.o
                0x000000000001d382                ble_srv_is_notification_enabled
 .text.characteristic_add
                0x000000000001d38a      0x148 Output/Release/Obj/ble_app_blinky_pca10040e_s112/ble_srv_common.o
                0x000000000001d38a                characteristic_add
 .text.sd_ble_gattc_exchange_mtu_request
                0x000000000001d4d2        0x4 Output/Release/Obj/ble_app_blinky_pca10040e_s112/nrf_ble_gatt.o
 .text.sd_ble_gatts_exchange_mtu_reply
                0x000000000001d4d6        0x4 Output/Release/Obj/ble_app_blinky_pca10040e_s112/nrf_ble_gatt.o
 .text.nrf_ble_gatt_init
                0x000000000001d4da       0x1c Output/Release/Obj/ble_app_blinky_pca10040e_s112/nrf_ble_gatt.o
                0x000000000001d4da                nrf_ble_gatt_init
 *fill*         0x000000000001d4f6        0x2 
 .text.nrf_ble_gatt_on_ble_evt
                0x000000000001d4f8      0x14c Output/Release/Obj/ble_app_blinky_pca10040e_s112/nrf_ble_gatt.o
                0x000000000001d4f8                nrf_ble_gatt_on_ble_evt
 .text.sd_ble_gatts_rw_authorize_reply
                0x000000000001d644        0x4 Output/Release/Obj/ble_app_blinky_pca10040e_s112/nrf_ble_qwr.o
 .text.sd_ble_user_mem_reply
                0x000000000001d648        0x4 Output/Release/Obj/ble_app_blinky_pca10040e_s112/nrf_ble_qwr.o
 .text.user_mem_reply.part.0
                0x000000000001d64c       0x24 Output/Release/Obj/ble_app_blinky_pca10040e_s112/nrf_ble_qwr.o
 .text.nrf_ble_qwr_init
                0x000000000001d670       0x24 Output/Release/Obj/ble_app_blinky_pca10040e_s112/nrf_ble_qwr.o
                0x000000000001d670                nrf_ble_qwr_init
 .text.nrf_ble_qwr_conn_handle_assign
                0x000000000001d694       0x16 Output/Release/Obj/ble_app_blinky_pca10040e_s112/nrf_ble_qwr.o
                0x000000000001d694                nrf_ble_qwr_conn_handle_assign
 .text.nrf_ble_qwr_on_ble_evt
                0x000000000001d6aa       0xa6 Output/Release/Obj/ble_app_blinky_pca10040e_s112/nrf_ble_qwr.o
                0x000000000001d6aa                nrf_ble_qwr_on_ble_evt
 .text.sd_ble_gatts_service_add
                0x000000000001d750        0x4 Output/Release/Obj/ble_app_blinky_pca10040e_s112/ble_lbs.o
 .text.sd_ble_gatts_hvx
                0x000000000001d754        0x4 Output/Release/Obj/ble_app_blinky_pca10040e_s112/ble_lbs.o
 .text.sd_ble_uuid_vs_add
                0x000000000001d758        0x4 Output/Release/Obj/ble_app_blinky_pca10040e_s112/ble_lbs.o
 .text.ble_lbs_on_ble_evt
                0x000000000001d75c       0x26 Output/Release/Obj/ble_app_blinky_pca10040e_s112/ble_lbs.o
                0x000000000001d75c                ble_lbs_on_ble_evt
 *fill*         0x000000000001d782        0x2 
 .text.ble_lbs_init
                0x000000000001d784       0xdc Output/Release/Obj/ble_app_blinky_pca10040e_s112/ble_lbs.o
                0x000000000001d784                ble_lbs_init
 .text.ble_lbs_on_button_change
                0x000000000001d860       0x3a Output/Release/Obj/ble_app_blinky_pca10040e_s112/ble_lbs.o
                0x000000000001d860                ble_lbs_on_button_change
 .text.sd_softdevice_enable
                0x000000000001d89a        0x4 Output/Release/Obj/ble_app_blinky_pca10040e_s112/nrf_sdh.o
 *fill*         0x000000000001d89e        0x2 
 .text.sdh_request_observer_notify
                0x000000000001d8a0       0x30 Output/Release/Obj/ble_app_blinky_pca10040e_s112/nrf_sdh.o
 .text.sdh_state_observer_notify
                0x000000000001d8d0       0x28 Output/Release/Obj/ble_app_blinky_pca10040e_s112/nrf_sdh.o
 .text.softdevices_evt_irq_enable
                0x000000000001d8f8       0x38 Output/Release/Obj/ble_app_blinky_pca10040e_s112/nrf_sdh.o
 .text.nrf_sdh_enable_request
                0x000000000001d930       0x7c Output/Release/Obj/ble_app_blinky_pca10040e_s112/nrf_sdh.o
                0x000000000001d930                nrf_sdh_enable_request
 .text.nrf_sdh_is_enabled
                0x000000000001d9ac        0xc Output/Release/Obj/ble_app_blinky_pca10040e_s112/nrf_sdh.o
                0x000000000001d9ac                nrf_sdh_is_enabled
 .text.nrf_sdh_evts_poll
                0x000000000001d9b8       0x28 Output/Release/Obj/ble_app_blinky_pca10040e_s112/nrf_sdh.o
                0x000000000001d9b8                nrf_sdh_evts_poll
 .text.SWI2_IRQHandler
                0x000000000001d9e0        0x4 Output/Release/Obj/ble_app_blinky_pca10040e_s112/nrf_sdh.o
                0x000000000001d9e0                SWI2_IRQHandler
 .text.sd_ble_enable
                0x000000000001d9e4        0x4 Output/Release/Obj/ble_app_blinky_pca10040e_s112/nrf_sdh_ble.o
 .text.sd_ble_cfg_set
                0x000000000001d9e8        0x4 Output/Release/Obj/ble_app_blinky_pca10040e_s112/nrf_sdh_ble.o
 .text.sd_ble_evt_get
                0x000000000001d9ec        0x4 Output/Release/Obj/ble_app_blinky_pca10040e_s112/nrf_sdh_ble.o
 .text.nrf_sdh_ble_evts_poll
                0x000000000001d9f0       0x58 Output/Release/Obj/ble_app_blinky_pca10040e_s112/nrf_sdh_ble.o
 .text.nrf_sdh_ble_default_cfg_set
                0x000000000001da48      0x144 Output/Release/Obj/ble_app_blinky_pca10040e_s112/nrf_sdh_ble.o
                0x000000000001da48                nrf_sdh_ble_default_cfg_set
 .text.nrf_sdh_ble_enable
                0x000000000001db8c       0x94 Output/Release/Obj/ble_app_blinky_pca10040e_s112/nrf_sdh_ble.o
                0x000000000001db8c                nrf_sdh_ble_enable
 .text.sd_evt_get
                0x000000000001dc20        0x4 Output/Release/Obj/ble_app_blinky_pca10040e_s112/nrf_sdh_soc.o
 .text.nrf_sdh_soc_evts_poll
                0x000000000001dc24       0x40 Output/Release/Obj/ble_app_blinky_pca10040e_s112/nrf_sdh_soc.o
 .text.libc.__RAL_ascii_isctype
                0x000000000001dc64       0x1c C:/Program Files/SEGGER/SEGGER Embedded Studio for ARM 5.70a/lib/libc_v7em_t_le_eabi.a(libc2.o)
 .text.libc.__RAL_ascii_toupper
                0x000000000001dc80        0xc C:/Program Files/SEGGER/SEGGER Embedded Studio for ARM 5.70a/lib/libc_v7em_t_le_eabi.a(libc2.o)
 .text.libc.__RAL_ascii_tolower
                0x000000000001dc8c        0xc C:/Program Files/SEGGER/SEGGER Embedded Studio for ARM 5.70a/lib/libc_v7em_t_le_eabi.a(libc2.o)
 .text.libc.__RAL_ascii_wctomb
                0x000000000001dc98       0x10 C:/Program Files/SEGGER/SEGGER Embedded Studio for ARM 5.70a/lib/libc_v7em_t_le_eabi.a(libc2.o)
                0x000000000001dc98                __RAL_ascii_wctomb
 .text.libc.__RAL_ascii_mbtowc
                0x000000000001dca8       0x24 C:/Program Files/SEGGER/SEGGER Embedded Studio for ARM 5.70a/lib/libc_v7em_t_le_eabi.a(libc2.o)
                0x000000000001dca8                __RAL_ascii_mbtowc
 .text.libc.__RAL_ascii_towupper
                0x000000000001dccc        0xc C:/Program Files/SEGGER/SEGGER Embedded Studio for ARM 5.70a/lib/libc_v7em_t_le_eabi.a(libc2.o)
 .text.libc.__RAL_ascii_towlower
                0x000000000001dcd8        0xc C:/Program Files/SEGGER/SEGGER Embedded Studio for ARM 5.70a/lib/libc_v7em_t_le_eabi.a(libc2.o)
 .text.libc.__RAL_ascii_iswctype
                0x000000000001dce4       0x1c C:/Program Files/SEGGER/SEGGER Embedded Studio for ARM 5.70a/lib/libc_v7em_t_le_eabi.a(libc2.o)
 .text.libc.isprint
                0x000000000001dd00       0x10 C:/Program Files/SEGGER/SEGGER Embedded Studio for ARM 5.70a/lib/libc_v7em_t_le_eabi.a(libc2.o)
                0x000000000001dd00                isprint
 .text.libc.memcpy
                0x000000000001dd10       0x52 C:/Program Files/SEGGER/SEGGER Embedded Studio for ARM 5.70a/lib/libc_v7em_t_le_eabi.a(libc2_asm.o)
                0x000000000001dd10                __aeabi_memcpy
                0x000000000001dd10                memcpy
                0x000000000001dd1c                __aeabi_memcpy8
                0x000000000001dd1c                __aeabi_memcpy4
 .text.libc.memset
                0x000000000001dd62       0x66 C:/Program Files/SEGGER/SEGGER Embedded Studio for ARM 5.70a/lib/libc_v7em_t_le_eabi.a(libc2_asm.o)
                0x000000000001dd62                memset
 .text.libc.strcpy
                0x000000000001ddc8       0x44 C:/Program Files/SEGGER/SEGGER Embedded Studio for ARM 5.70a/lib/libc_v7em_t_le_eabi.a(libc2_asm.o)
                0x000000000001ddc8                strcpy
 .text.libc.strlen
                0x000000000001de0c       0x60 C:/Program Files/SEGGER/SEGGER Embedded Studio for ARM 5.70a/lib/libc_v7em_t_le_eabi.a(libc2_asm.o)
                0x000000000001de0c                strlen
                0x000000000001de6c                __text_end__ = (__text_start__ + SIZEOF (.text))
                0x0000000000004a80                __text_size__ = SIZEOF (.text)
                0x000000000001de6c                __text_load_end__ = __text_end__

.vfp11_veneer   0x0000000100000000        0x0
 .vfp11_veneer  0x0000000100000000        0x0 linker stubs

.v4_bx          0x0000000100000000        0x0
 .v4_bx         0x0000000100000000        0x0 linker stubs

.iplt           0x0000000100000000        0x0
 .iplt          0x0000000100000000        0x0 Output/Release/Obj/ble_app_blinky_pca10040e_s112/thumb_crt0.o
                0x0000000000000001                . = ASSERT (((__text_start__ == __text_end__) || ((__text_end__ - __FLASH_segment_start__) <= __FLASH_segment_size__)), error: .text is too large to fit in FLASH memory segment)
                0x000000000001de6c                __sdh_soc_observers_load_start__ = ALIGN (__text_end__, 0x4)

.sdh_soc_observers
                0x000000000001de6c        0x8
                0x000000000001de6c                __sdh_soc_observers_start__ = .
                0x000000000001de6c                __start_sdh_soc_observers = __sdh_soc_observers_start__
 *(SORT_BY_NAME(.sdh_soc_observers*))
 .sdh_soc_observers0
                0x000000000001de6c        0x8 Output/Release/Obj/ble_app_blinky_pca10040e_s112/nrf_drv_clock.o
                0x000000000001de74                __sdh_soc_observers_end__ = (__sdh_soc_observers_start__ + SIZEOF (.sdh_soc_observers))
                0x0000000000000008                __sdh_soc_observers_size__ = SIZEOF (.sdh_soc_observers)
                0x000000000001de74                __stop_sdh_soc_observers = __sdh_soc_observers_end__
                0x000000000001de74                __sdh_soc_observers_load_end__ = __sdh_soc_observers_end__
                0x0000000000000001                . = ASSERT (((__sdh_soc_observers_start__ == __sdh_soc_observers_end__) || ((__sdh_soc_observers_end__ - __FLASH_segment_start__) <= __FLASH_segment_size__)), error: .sdh_soc_observers is too large to fit in FLASH memory segment)
                0x000000000001de74                __pwr_mgmt_data_load_start__ = ALIGN (__sdh_soc_observers_end__, 0x4)

.pwr_mgmt_data  0x000000000001de74        0x0
                0x000000000001de74                __pwr_mgmt_data_start__ = .
                0x000000000001de74                __start_pwr_mgmt_data = __pwr_mgmt_data_start__
 *(SORT_BY_NAME(.pwr_mgmt_data*))
                0x000000000001de74                __pwr_mgmt_data_end__ = (__pwr_mgmt_data_start__ + SIZEOF (.pwr_mgmt_data))
                0x0000000000000000                __pwr_mgmt_data_size__ = SIZEOF (.pwr_mgmt_data)
                0x000000000001de74                __stop_pwr_mgmt_data = __pwr_mgmt_data_end__
                0x000000000001de74                __pwr_mgmt_data_load_end__ = __pwr_mgmt_data_end__
                0x0000000000000001                . = ASSERT (((__pwr_mgmt_data_start__ == __pwr_mgmt_data_end__) || ((__pwr_mgmt_data_end__ - __FLASH_segment_start__) <= __FLASH_segment_size__)), error: .pwr_mgmt_data is too large to fit in FLASH memory segment)
                0x000000000001de74                __sdh_ble_observers_load_start__ = ALIGN (__pwr_mgmt_data_end__, 0x4)

.sdh_ble_observers
                0x000000000001de74       0x30
                0x000000000001de74                __sdh_ble_observers_start__ = .
                0x000000000001de74                __start_sdh_ble_observers = __sdh_ble_observers_start__
 *(SORT_BY_NAME(.sdh_ble_observers*))
 .sdh_ble_observers0
                0x000000000001de74        0x8 Output/Release/Obj/ble_app_blinky_pca10040e_s112/ble_conn_state.o
 .sdh_ble_observers1
                0x000000000001de7c        0x8 Output/Release/Obj/ble_app_blinky_pca10040e_s112/main_peripheral.o
 .sdh_ble_observers1
                0x000000000001de84        0x8 Output/Release/Obj/ble_app_blinky_pca10040e_s112/ble_conn_params.o
 .sdh_ble_observers2
                0x000000000001de8c       0x10 Output/Release/Obj/ble_app_blinky_pca10040e_s112/main_peripheral.o
 .sdh_ble_observers3
                0x000000000001de9c        0x8 Output/Release/Obj/ble_app_blinky_pca10040e_s112/main_peripheral.o
                0x000000000001dea4                __sdh_ble_observers_end__ = (__sdh_ble_observers_start__ + SIZEOF (.sdh_ble_observers))
                0x0000000000000030                __sdh_ble_observers_size__ = SIZEOF (.sdh_ble_observers)
                0x000000000001dea4                __stop_sdh_ble_observers = __sdh_ble_observers_end__
                0x000000000001dea4                __sdh_ble_observers_load_end__ = __sdh_ble_observers_end__
                0x0000000000000001                . = ASSERT (((__sdh_ble_observers_start__ == __sdh_ble_observers_end__) || ((__sdh_ble_observers_end__ - __FLASH_segment_start__) <= __FLASH_segment_size__)), error: .sdh_ble_observers is too large to fit in FLASH memory segment)
                0x000000000001dea4                __sdh_state_observers_load_start__ = ALIGN (__sdh_ble_observers_end__, 0x4)

.sdh_state_observers
                0x000000000001dea4        0x8
                0x000000000001dea4                __sdh_state_observers_start__ = .
                0x000000000001dea4                __start_sdh_state_observers = __sdh_state_observers_start__
 *(SORT_BY_NAME(.sdh_state_observers*))
 .sdh_state_observers0
                0x000000000001dea4        0x8 Output/Release/Obj/ble_app_blinky_pca10040e_s112/nrf_drv_clock.o
                0x000000000001deac                __sdh_state_observers_end__ = (__sdh_state_observers_start__ + SIZEOF (.sdh_state_observers))
                0x0000000000000008                __sdh_state_observers_size__ = SIZEOF (.sdh_state_observers)
                0x000000000001deac                __stop_sdh_state_observers = __sdh_state_observers_end__
                0x000000000001deac                __sdh_state_observers_load_end__ = __sdh_state_observers_end__
                0x0000000000000001                . = ASSERT (((__sdh_state_observers_start__ == __sdh_state_observers_end__) || ((__sdh_state_observers_end__ - __FLASH_segment_start__) <= __FLASH_segment_size__)), error: .sdh_state_observers is too large to fit in FLASH memory segment)
                0x000000000001deac                __sdh_stack_observers_load_start__ = ALIGN (__sdh_state_observers_end__, 0x4)

.sdh_stack_observers
                0x000000000001deac       0x10
                0x000000000001deac                __sdh_stack_observers_start__ = .
                0x000000000001deac                __start_sdh_stack_observers = __sdh_stack_observers_start__
 *(SORT_BY_NAME(.sdh_stack_observers*))
 .sdh_stack_observers0
                0x000000000001deac        0x8 Output/Release/Obj/ble_app_blinky_pca10040e_s112/nrf_sdh_ble.o
 .sdh_stack_observers0
                0x000000000001deb4        0x8 Output/Release/Obj/ble_app_blinky_pca10040e_s112/nrf_sdh_soc.o
                0x000000000001debc                __sdh_stack_observers_end__ = (__sdh_stack_observers_start__ + SIZEOF (.sdh_stack_observers))
                0x0000000000000010                __sdh_stack_observers_size__ = SIZEOF (.sdh_stack_observers)
                0x000000000001debc                __stop_sdh_stack_observers = __sdh_stack_observers_end__
                0x000000000001debc                __sdh_stack_observers_load_end__ = __sdh_stack_observers_end__
                0x0000000000000001                . = ASSERT (((__sdh_stack_observers_start__ == __sdh_stack_observers_end__) || ((__sdh_stack_observers_end__ - __FLASH_segment_start__) <= __FLASH_segment_size__)), error: .sdh_stack_observers is too large to fit in FLASH memory segment)
                0x000000000001debc                __sdh_req_observers_load_start__ = ALIGN (__sdh_stack_observers_end__, 0x4)

.sdh_req_observers
                0x000000000001debc        0x0
                0x000000000001debc                __sdh_req_observers_start__ = .
                0x000000000001debc                __start_sdh_req_observers = __sdh_req_observers_start__
 *(SORT_BY_NAME(.sdh_req_observers*))
                0x000000000001debc                __sdh_req_observers_end__ = (__sdh_req_observers_start__ + SIZEOF (.sdh_req_observers))
                0x0000000000000000                __sdh_req_observers_size__ = SIZEOF (.sdh_req_observers)
                0x000000000001debc                __stop_sdh_req_observers = __sdh_req_observers_end__
                0x000000000001debc                __sdh_req_observers_load_end__ = __sdh_req_observers_end__
                0x0000000000000001                . = ASSERT (((__sdh_req_observers_start__ == __sdh_req_observers_end__) || ((__sdh_req_observers_end__ - __FLASH_segment_start__) <= __FLASH_segment_size__)), error: .sdh_req_observers is too large to fit in FLASH memory segment)
                0x000000000001debc                __nrf_queue_load_start__ = ALIGN (__sdh_req_observers_end__, 0x4)

.nrf_queue      0x000000000001debc        0x0
                0x000000000001debc                __nrf_queue_start__ = .
                0x000000000001debc                __start_nrf_queue = __nrf_queue_start__
 *(.nrf_queue*)
                0x000000000001debc                __nrf_queue_end__ = (__nrf_queue_start__ + SIZEOF (.nrf_queue))
                0x0000000000000000                __nrf_queue_size__ = SIZEOF (.nrf_queue)
                0x000000000001debc                __stop_nrf_queue = __nrf_queue_end__
                0x000000000001debc                __nrf_queue_load_end__ = __nrf_queue_end__
                0x0000000000000001                . = ASSERT (((__nrf_queue_start__ == __nrf_queue_end__) || ((__nrf_queue_end__ - __FLASH_segment_start__) <= __FLASH_segment_size__)), error: .nrf_queue is too large to fit in FLASH memory segment)
                0x000000000001debc                __nrf_balloc_load_start__ = ALIGN (__nrf_queue_end__, 0x4)

.nrf_balloc     0x000000000001debc       0x14
                0x000000000001debc                __nrf_balloc_start__ = .
                0x000000000001debc                __start_nrf_balloc = __nrf_balloc_start__
 *(.nrf_balloc*)
 .nrf_balloc    0x000000000001debc       0x14 Output/Release/Obj/ble_app_blinky_pca10040e_s112/nrf_log_frontend.o
                0x000000000001debc                log_mempool
                0x000000000001ded0                __nrf_balloc_end__ = (__nrf_balloc_start__ + SIZEOF (.nrf_balloc))
                0x0000000000000014                __nrf_balloc_size__ = SIZEOF (.nrf_balloc)
                0x000000000001ded0                __stop_nrf_balloc = __nrf_balloc_end__
                0x000000000001ded0                __nrf_balloc_load_end__ = __nrf_balloc_end__
                0x0000000000000001                . = ASSERT (((__nrf_balloc_start__ == __nrf_balloc_end__) || ((__nrf_balloc_end__ - __FLASH_segment_start__) <= __FLASH_segment_size__)), error: .nrf_balloc is too large to fit in FLASH memory segment)
                0x000000000001ded0                __cli_command_load_start__ = ALIGN (__nrf_balloc_end__, 0x4)

.cli_command    0x000000000001ded0        0x0
                0x000000000001ded0                __cli_command_start__ = .
                0x000000000001ded0                __start_cli_command = __cli_command_start__
 *(.cli_command*)
                0x000000000001ded0                __cli_command_end__ = (__cli_command_start__ + SIZEOF (.cli_command))
                0x0000000000000000                __cli_command_size__ = SIZEOF (.cli_command)
                0x000000000001ded0                __stop_cli_command = __cli_command_end__
                0x000000000001ded0                __cli_command_load_end__ = __cli_command_end__
                0x0000000000000001                . = ASSERT (((__cli_command_start__ == __cli_command_end__) || ((__cli_command_end__ - __FLASH_segment_start__) <= __FLASH_segment_size__)), error: .cli_command is too large to fit in FLASH memory segment)
                0x000000000001ded0                __crypto_data_load_start__ = ALIGN (__cli_command_end__, 0x4)

.crypto_data    0x000000000001ded0        0x0
                0x000000000001ded0                __crypto_data_start__ = .
                0x000000000001ded0                __start_crypto_data = __crypto_data_start__
 *(SORT_BY_NAME(.crypto_data*))
                0x000000000001ded0                __crypto_data_end__ = (__crypto_data_start__ + SIZEOF (.crypto_data))
                0x0000000000000000                __crypto_data_size__ = SIZEOF (.crypto_data)
                0x000000000001ded0                __stop_crypto_data = __crypto_data_end__
                0x000000000001ded0                __crypto_data_load_end__ = __crypto_data_end__
                0x0000000000000001                . = ASSERT (((__crypto_data_start__ == __crypto_data_end__) || ((__crypto_data_end__ - __FLASH_segment_start__) <= __FLASH_segment_size__)), error: .crypto_data is too large to fit in FLASH memory segment)
                0x000000000001ded0                __log_const_data_load_start__ = ALIGN (__crypto_data_end__, 0x4)

.log_const_data
                0x000000000001ded0       0x78
                0x000000000001ded0                __log_const_data_start__ = .
                0x000000000001ded0                __start_log_const_data = __log_const_data_start__
 *(SORT_BY_NAME(.log_const_data*))
 .log_const_data_CLOCK
                0x000000000001ded0        0x8 Output/Release/Obj/ble_app_blinky_pca10040e_s112/nrfx_clock.o
                0x000000000001ded0                m_nrf_log_CLOCK_logs_data_const
 .log_const_data_GPIOTE
                0x000000000001ded8        0x8 Output/Release/Obj/ble_app_blinky_pca10040e_s112/nrfx_gpiote.o
                0x000000000001ded8                m_nrf_log_GPIOTE_logs_data_const
 .log_const_data_PRS
                0x000000000001dee0        0x8 Output/Release/Obj/ble_app_blinky_pca10040e_s112/nrfx_prs.o
                0x000000000001dee0                m_nrf_log_PRS_logs_data_const
 .log_const_data_UART
                0x000000000001dee8        0x8 Output/Release/Obj/ble_app_blinky_pca10040e_s112/nrfx_uart.o
                0x000000000001dee8                m_nrf_log_UART_logs_data_const
 .log_const_data_UARTE
                0x000000000001def0        0x8 Output/Release/Obj/ble_app_blinky_pca10040e_s112/nrfx_uarte.o
                0x000000000001def0                m_nrf_log_UARTE_logs_data_const
 .log_const_data_app
                0x000000000001def8        0x8 Output/Release/Obj/ble_app_blinky_pca10040e_s112/nrf_log_frontend.o
                0x000000000001def8                m_nrf_log_app_logs_data_const
 .log_const_data_app_button
                0x000000000001df00        0x8 Output/Release/Obj/ble_app_blinky_pca10040e_s112/app_button.o
                0x000000000001df00                m_nrf_log_app_button_logs_data_const
 .log_const_data_app_timer
                0x000000000001df08        0x8 Output/Release/Obj/ble_app_blinky_pca10040e_s112/app_timer2.o
                0x000000000001df08                m_nrf_log_app_timer_logs_data_const
 .log_const_data_clock
                0x000000000001df10        0x8 Output/Release/Obj/ble_app_blinky_pca10040e_s112/nrf_drv_clock.o
                0x000000000001df10                m_nrf_log_clock_logs_data_const
 .log_const_data_nrf_ble_gatt
                0x000000000001df18        0x8 Output/Release/Obj/ble_app_blinky_pca10040e_s112/nrf_ble_gatt.o
                0x000000000001df18                m_nrf_log_nrf_ble_gatt_logs_data_const
 .log_const_data_nrf_sdh
                0x000000000001df20        0x8 Output/Release/Obj/ble_app_blinky_pca10040e_s112/nrf_sdh.o
                0x000000000001df20                m_nrf_log_nrf_sdh_logs_data_const
 .log_const_data_nrf_sdh_ble
                0x000000000001df28        0x8 Output/Release/Obj/ble_app_blinky_pca10040e_s112/nrf_sdh_ble.o
                0x000000000001df28                m_nrf_log_nrf_sdh_ble_logs_data_const
 .log_const_data_nrf_sdh_soc
                0x000000000001df30        0x8 Output/Release/Obj/ble_app_blinky_pca10040e_s112/nrf_sdh_soc.o
                0x000000000001df30                m_nrf_log_nrf_sdh_soc_logs_data_const
 .log_const_data_pwr_mgmt
                0x000000000001df38        0x8 Output/Release/Obj/ble_app_blinky_pca10040e_s112/nrf_pwr_mgmt.o
                0x000000000001df38                m_nrf_log_pwr_mgmt_logs_data_const
 .log_const_data_sortlist
                0x000000000001df40        0x8 Output/Release/Obj/ble_app_blinky_pca10040e_s112/nrf_sortlist.o
                0x000000000001df40                m_nrf_log_sortlist_logs_data_const
                0x000000000001df48                __log_const_data_end__ = (__log_const_data_start__ + SIZEOF (.log_const_data))
                0x0000000000000078                __log_const_data_size__ = SIZEOF (.log_const_data)
                0x000000000001df48                __stop_log_const_data = __log_const_data_end__
                0x000000000001df48                __log_const_data_load_end__ = __log_const_data_end__
                0x0000000000000001                . = ASSERT (((__log_const_data_start__ == __log_const_data_end__) || ((__log_const_data_end__ - __FLASH_segment_start__) <= __FLASH_segment_size__)), error: .log_const_data is too large to fit in FLASH memory segment)
                0x000000000001df48                __log_backends_load_start__ = ALIGN (__log_const_data_end__, 0x4)

.log_backends   0x000000000001df48       0x20
                0x000000000001df48                __log_backends_start__ = .
                0x000000000001df48                __start_log_backends = __log_backends_start__
 *(SORT_BY_NAME(.log_backends*))
 .log_backends  0x000000000001df48       0x20 Output/Release/Obj/ble_app_blinky_pca10040e_s112/nrf_log_default_backends.o
                0x000000000001df68                __log_backends_end__ = (__log_backends_start__ + SIZEOF (.log_backends))
                0x0000000000000020                __log_backends_size__ = SIZEOF (.log_backends)
                0x000000000001df68                __stop_log_backends = __log_backends_end__
                0x000000000001df68                __log_backends_load_end__ = __log_backends_end__
                0x0000000000000001                . = ASSERT (((__log_backends_start__ == __log_backends_end__) || ((__log_backends_end__ - __FLASH_segment_start__) <= __FLASH_segment_size__)), error: .log_backends is too large to fit in FLASH memory segment)
                0x000000000001df68                __nrf_sections_load_start__ = ALIGN (__log_backends_end__, 0x4)

.nrf_sections   0x000000000001df68        0x0
                0x000000000001df68                __nrf_sections_start__ = .
                0x000000000001df68                __start_nrf_sections = __nrf_sections_start__
 *(.nrf_sections .nrf_sections.*)
                0x000000000001df68                __nrf_sections_end__ = (__nrf_sections_start__ + SIZEOF (.nrf_sections))
                0x0000000000000000                __nrf_sections_size__ = SIZEOF (.nrf_sections)
                0x000000000001df68                __nrf_sections_load_end__ = __nrf_sections_end__
                0x0000000000000001                . = ASSERT (((__nrf_sections_start__ == __nrf_sections_end__) || ((__nrf_sections_end__ - __FLASH_segment_start__) <= __FLASH_segment_size__)), error: .nrf_sections is too large to fit in FLASH memory segment)
                0x000000000001df68                __cli_sorted_cmd_ptrs_load_start__ = ALIGN (__nrf_sections_end__, 0x4)

.cli_sorted_cmd_ptrs
                0x0000000020001ae0        0x0 load address 0x000000000001df68
                0x0000000020001ae0                __cli_sorted_cmd_ptrs_start__ = .
 *(.cli_sorted_cmd_ptrs*)
                0x0000000020001ae0                __cli_sorted_cmd_ptrs_end__ = (__cli_sorted_cmd_ptrs_start__ + SIZEOF (.cli_sorted_cmd_ptrs))
                0x0000000000000000                __cli_sorted_cmd_ptrs_size__ = SIZEOF (.cli_sorted_cmd_ptrs)
                0x000000000001df68                __cli_sorted_cmd_ptrs_load_end__ = (__cli_sorted_cmd_ptrs_load_start__ + SIZEOF (.cli_sorted_cmd_ptrs))
                0x0000000000000001                . = ASSERT (((__cli_sorted_cmd_ptrs_load_start__ == __cli_sorted_cmd_ptrs_load_end__) || ((__cli_sorted_cmd_ptrs_load_end__ - __FLASH_segment_start__) <= __FLASH_segment_size__)), error: .cli_sorted_cmd_ptrs is too large to fit in FLASH memory segment)

.cli_sorted_cmd_ptrs_run
                0x0000000020001ae0        0x0
                0x0000000020001ae0                __cli_sorted_cmd_ptrs_run_start__ = .
                0x0000000020001ae0                __start_cli_sorted_cmd_ptrs = __cli_sorted_cmd_ptrs_run_start__
                0x0000000020001ae0                __cli_sorted_cmd_ptrs_run_end__ = (__cli_sorted_cmd_ptrs_run_start__ + SIZEOF (.cli_sorted_cmd_ptrs))
                0x0000000000000000                __cli_sorted_cmd_ptrs_run_size__ = (__cli_sorted_cmd_ptrs_run_end__ - __cli_sorted_cmd_ptrs_run_start__)
                0x0000000020001ae0                __stop_cli_sorted_cmd_ptrs = __cli_sorted_cmd_ptrs_run_end__
                0x0000000020001ae0                __cli_sorted_cmd_ptrs_run_load_end__ = __cli_sorted_cmd_ptrs_run_end__
                0x0000000000000001                . = ASSERT (((__cli_sorted_cmd_ptrs_run_start__ == __cli_sorted_cmd_ptrs_run_end__) || ((__cli_sorted_cmd_ptrs_run_end__ - __RAM1_segment_start__) <= __RAM1_segment_size__)), error: .cli_sorted_cmd_ptrs_run is too large to fit in RAM1 memory segment)
                0x000000000001df68                __fs_data_load_start__ = ALIGN ((__cli_sorted_cmd_ptrs_load_start__ + SIZEOF (.cli_sorted_cmd_ptrs)), 0x4)

.fs_data        0x0000000020001ae0        0x0 load address 0x000000000001df68
                0x0000000020001ae0                __fs_data_start__ = .
 *(.fs_data*)
                0x0000000020001ae0                __fs_data_end__ = (__fs_data_start__ + SIZEOF (.fs_data))
                0x0000000000000000                __fs_data_size__ = SIZEOF (.fs_data)
                0x000000000001df68                __fs_data_load_end__ = (__fs_data_load_start__ + SIZEOF (.fs_data))
                0x0000000000000001                . = ASSERT (((__fs_data_load_start__ == __fs_data_load_end__) || ((__fs_data_load_end__ - __FLASH_segment_start__) <= __FLASH_segment_size__)), error: .fs_data is too large to fit in FLASH memory segment)

.fs_data_run    0x0000000020001ae0        0x0
                0x0000000020001ae0                __fs_data_run_start__ = .
                0x0000000020001ae0                __start_fs_data = __fs_data_run_start__
                0x0000000020001ae0                __fs_data_run_end__ = (__fs_data_run_start__ + SIZEOF (.fs_data))
                0x0000000000000000                __fs_data_run_size__ = (__fs_data_run_end__ - __fs_data_run_start__)
                0x0000000020001ae0                __stop_fs_data = __fs_data_run_end__
                0x0000000020001ae0                __fs_data_run_load_end__ = __fs_data_run_end__
                0x0000000000000001                . = ASSERT (((__fs_data_run_start__ == __fs_data_run_end__) || ((__fs_data_run_end__ - __RAM1_segment_start__) <= __RAM1_segment_size__)), error: .fs_data_run is too large to fit in RAM1 memory segment)
                0x000000000001df68                __log_dynamic_data_load_start__ = ALIGN ((__fs_data_load_start__ + SIZEOF (.fs_data)), 0x4)

.log_dynamic_data
                0x0000000020001ae0        0x0 load address 0x000000000001df68
                0x0000000020001ae0                __log_dynamic_data_start__ = .
 *(SORT_BY_NAME(.log_dynamic_data*))
                0x0000000020001ae0                __log_dynamic_data_end__ = (__log_dynamic_data_start__ + SIZEOF (.log_dynamic_data))
                0x0000000000000000                __log_dynamic_data_size__ = SIZEOF (.log_dynamic_data)
                0x000000000001df68                __log_dynamic_data_load_end__ = (__log_dynamic_data_load_start__ + SIZEOF (.log_dynamic_data))
                0x0000000000000001                . = ASSERT (((__log_dynamic_data_load_start__ == __log_dynamic_data_load_end__) || ((__log_dynamic_data_load_end__ - __FLASH_segment_start__) <= __FLASH_segment_size__)), error: .log_dynamic_data is too large to fit in FLASH memory segment)

.log_dynamic_data_run
                0x0000000020001ae0        0x0
                0x0000000020001ae0                __log_dynamic_data_run_start__ = .
                0x0000000020001ae0                __start_log_dynamic_data = __log_dynamic_data_run_start__
                0x0000000020001ae0                __log_dynamic_data_run_end__ = (__log_dynamic_data_run_start__ + SIZEOF (.log_dynamic_data))
                0x0000000000000000                __log_dynamic_data_run_size__ = (__log_dynamic_data_run_end__ - __log_dynamic_data_run_start__)
                0x0000000020001ae0                __stop_log_dynamic_data = __log_dynamic_data_run_end__
                0x0000000020001ae0                __log_dynamic_data_run_load_end__ = __log_dynamic_data_run_end__
                0x0000000000000001                . = ASSERT (((__log_dynamic_data_run_start__ == __log_dynamic_data_run_end__) || ((__log_dynamic_data_run_end__ - __RAM1_segment_start__) <= __RAM1_segment_size__)), error: .log_dynamic_data_run is too large to fit in RAM1 memory segment)
                0x000000000001df68                __log_filter_data_load_start__ = ALIGN ((__log_dynamic_data_load_start__ + SIZEOF (.log_dynamic_data)), 0x4)

.log_filter_data
                0x0000000020001ae0        0x0 load address 0x000000000001df68
                0x0000000020001ae0                __log_filter_data_start__ = .
 *(SORT_BY_NAME(.log_filter_data*))
                0x0000000020001ae0                __log_filter_data_end__ = (__log_filter_data_start__ + SIZEOF (.log_filter_data))
                0x0000000000000000                __log_filter_data_size__ = SIZEOF (.log_filter_data)
                0x000000000001df68                __log_filter_data_load_end__ = (__log_filter_data_load_start__ + SIZEOF (.log_filter_data))
                0x0000000000000001                . = ASSERT (((__log_filter_data_load_start__ == __log_filter_data_load_end__) || ((__log_filter_data_load_end__ - __FLASH_segment_start__) <= __FLASH_segment_size__)), error: .log_filter_data is too large to fit in FLASH memory segment)

.log_filter_data_run
                0x0000000020001ae0        0x0
                0x0000000020001ae0                __log_filter_data_run_start__ = .
                0x0000000020001ae0                __start_log_filter_data = __log_filter_data_run_start__
                0x0000000020001ae0                __log_filter_data_run_end__ = (__log_filter_data_run_start__ + SIZEOF (.log_filter_data))
                0x0000000000000000                __log_filter_data_run_size__ = (__log_filter_data_run_end__ - __log_filter_data_run_start__)
                0x0000000020001ae0                __stop_log_filter_data = __log_filter_data_run_end__
                0x0000000020001ae0                __log_filter_data_run_load_end__ = __log_filter_data_run_end__
                0x0000000000000001                . = ASSERT (((__log_filter_data_run_start__ == __log_filter_data_run_end__) || ((__log_filter_data_run_end__ - __RAM1_segment_start__) <= __RAM1_segment_size__)), error: .log_filter_data_run is too large to fit in RAM1 memory segment)
                0x0000000020001ae0                __nrf_sections_run_end_load_start__ = ALIGN (__log_filter_data_run_end__, 0x4)

.nrf_sections_run_end
                0x0000000020001ae0        0x0
                0x0000000020001ae0                __nrf_sections_run_end_start__ = .
                0x0000000020001ae0                __end_nrf_sections_run = __nrf_sections_run_end_start__
 *(.nrf_sections_run_end .nrf_sections_run_end.*)
                0x0000000020001ae0                __nrf_sections_run_end_end__ = (__nrf_sections_run_end_start__ + SIZEOF (.nrf_sections_run_end))
                0x0000000000000000                __nrf_sections_run_end_size__ = SIZEOF (.nrf_sections_run_end)
                0x0000000020001ae0                __nrf_sections_run_end_load_end__ = __nrf_sections_run_end_end__
                0x0000000000000001                . = ASSERT (((__nrf_sections_run_end_start__ == __nrf_sections_run_end_end__) || ((__nrf_sections_run_end_end__ - __RAM1_segment_start__) <= __RAM1_segment_size__)), error: .nrf_sections_run_end is too large to fit in RAM1 memory segment)
                0x000000000001df68                __dtors_load_start__ = ALIGN ((__log_filter_data_load_start__ + SIZEOF (.log_filter_data)), 0x4)

.dtors          0x000000000001df68        0x0
                0x000000000001df68                __dtors_start__ = .
 *(SORT_BY_NAME(.dtors.*))
 *(.dtors)
 *(.fini_array)
 *(SORT_BY_NAME(.fini_array.*))
                0x000000000001df68                __dtors_end__ = (__dtors_start__ + SIZEOF (.dtors))
                0x0000000000000000                __dtors_size__ = SIZEOF (.dtors)
                0x000000000001df68                __dtors_load_end__ = __dtors_end__
                0x0000000000000001                . = ASSERT (((__dtors_start__ == __dtors_end__) || ((__dtors_end__ - __FLASH_segment_start__) <= __FLASH_segment_size__)), error: .dtors is too large to fit in FLASH memory segment)
                0x000000000001df68                __ctors_load_start__ = ALIGN (__dtors_end__, 0x4)

.ctors          0x000000000001df68        0x0
                0x000000000001df68                __ctors_start__ = .
 *(SORT_BY_NAME(.ctors.*))
 *(.ctors)
 *(.init_array)
 *(SORT_BY_NAME(.init_array.*))
                0x000000000001df68                __ctors_end__ = (__ctors_start__ + SIZEOF (.ctors))
                0x0000000000000000                __ctors_size__ = SIZEOF (.ctors)
                0x000000000001df68                __ctors_load_end__ = __ctors_end__
                0x0000000000000001                . = ASSERT (((__ctors_start__ == __ctors_end__) || ((__ctors_end__ - __FLASH_segment_start__) <= __FLASH_segment_size__)), error: .ctors is too large to fit in FLASH memory segment)
                0x000000000001df68                __rodata_load_start__ = ALIGN (__ctors_end__, 0x4)

.rodata         0x000000000001df68      0xd06
                0x000000000001df68                __rodata_start__ = .
 *(.rodata .rodata.* .gnu.linkonce.r.*)
 *fill*         0x000000000001df68        0x8 
 .rodata.delay_machine_code.0
                0x000000000001df70        0x6 Output/Release/Obj/ble_app_blinky_pca10040e_s112/nrf_log_backend_rtt.o
 *fill*         0x000000000001df76        0x2 
 .rodata.nrf_log_backend_rtt_api
                0x000000000001df78        0xc Output/Release/Obj/ble_app_blinky_pca10040e_s112/nrf_log_backend_rtt.o
                0x000000000001df78                nrf_log_backend_rtt_api
 .rodata        0x000000000001df84       0x20 Output/Release/Obj/ble_app_blinky_pca10040e_s112/nrf_log_backend_uart.o
 .rodata.nrf_log_backend_uart_api
                0x000000000001dfa4        0xc Output/Release/Obj/ble_app_blinky_pca10040e_s112/nrf_log_backend_uart.o
                0x000000000001dfa4                nrf_log_backend_uart_api
 .rodata.str1.1
                0x000000000001dfb0       0x21 Output/Release/Obj/ble_app_blinky_pca10040e_s112/nrf_log_default_backends.o
 .rodata.nrf_log_frontend_dequeue.str1.1
                0x000000000001dfd1       0x11 Output/Release/Obj/ble_app_blinky_pca10040e_s112/nrf_log_frontend.o
 .rodata.str1.1
                0x000000000001dfe2        0x4 Output/Release/Obj/ble_app_blinky_pca10040e_s112/nrf_log_frontend.o
 *fill*         0x000000000001dfe6        0x2 
 .rodata.m_log_push_ringbuf
                0x000000000001dfe8        0xc Output/Release/Obj/ble_app_blinky_pca10040e_s112/nrf_log_frontend.o
 .rodata.prefix_process.str1.1
                0x000000000001dff4       0x32 Output/Release/Obj/ble_app_blinky_pca10040e_s112/nrf_log_str_formatter.o
 .rodata.postfix_process.str1.1
                0x000000000001e026       0x32 Output/Release/Obj/ble_app_blinky_pca10040e_s112/nrf_log_str_formatter.o
                                          0x3 (size before relaxing)
 .rodata.nrf_log_hexdump_entry_process.str1.1
                0x000000000001e026        0xf Output/Release/Obj/ble_app_blinky_pca10040e_s112/nrf_log_str_formatter.o
                                         0x11 (size before relaxing)
 .rodata.str1.1
                0x000000000001e035       0x4b Output/Release/Obj/ble_app_blinky_pca10040e_s112/nrf_log_str_formatter.o
                                         0x51 (size before relaxing)
 .rodata.m_colors
                0x000000000001e080       0x24 Output/Release/Obj/ble_app_blinky_pca10040e_s112/nrf_log_str_formatter.o
 .rodata.severity_names
                0x000000000001e0a4       0x14 Output/Release/Obj/ble_app_blinky_pca10040e_s112/nrf_log_str_formatter.o
 .rodata.str1.1
                0x000000000001e0b8        0xb Output/Release/Obj/ble_app_blinky_pca10040e_s112/app_button.o
 *fill*         0x000000000001e0c3        0x1 
 .rodata.m_detection_delay_timer_id
                0x000000000001e0c4        0x4 Output/Release/Obj/ble_app_blinky_pca10040e_s112/app_button.o
 .rodata.app_error_fault_handler.str1.1
                0x000000000001e0c8       0x19 Output/Release/Obj/ble_app_blinky_pca10040e_s112/app_error_weak.o
 .rodata.str1.1
                0x000000000001e0e1        0xa Output/Release/Obj/ble_app_blinky_pca10040e_s112/app_timer2.o
 *fill*         0x000000000001e0eb        0x1 
 .rodata        0x000000000001e0ec        0x4 Output/Release/Obj/ble_app_blinky_pca10040e_s112/app_timer2.o
 .rodata.m_app_timer_sortlist
                0x000000000001e0f0        0xc Output/Release/Obj/ble_app_blinky_pca10040e_s112/app_timer2.o
 .rodata.drv_rtc_init.str1.1
                0x000000000001e0fc       0x34 Output/Release/Obj/ble_app_blinky_pca10040e_s112/drv_rtc.o
 .rodata.delay_machine_code.0
                0x000000000001e130        0x6 Output/Release/Obj/ble_app_blinky_pca10040e_s112/drv_rtc.o
 .rodata._aV2C.0
                0x000000000001e136       0x10 Output/Release/Obj/ble_app_blinky_pca10040e_s112/nrf_fprintf_format.o
 .rodata.str1.1
                0x000000000001e146        0x9 Output/Release/Obj/ble_app_blinky_pca10040e_s112/nrf_pwr_mgmt.o
 *fill*         0x000000000001e14f        0x1 
 .rodata.pwr_mgmt_data
                0x000000000001e150        0xc Output/Release/Obj/ble_app_blinky_pca10040e_s112/nrf_pwr_mgmt.o
 .rodata.str1.1
                0x000000000001e15c        0x9 Output/Release/Obj/ble_app_blinky_pca10040e_s112/nrf_sortlist.o
 .rodata.str1.1
                0x000000000001e165      0x3ba Output/Release/Obj/ble_app_blinky_pca10040e_s112/nrf_strerror.o
 .rodata.m_unknown_str
                0x000000000001e51f       0x13 Output/Release/Obj/ble_app_blinky_pca10040e_s112/nrf_strerror.o
 *fill*         0x000000000001e532        0x2 
 .rodata.nrf_strerror_array
                0x000000000001e534      0x128 Output/Release/Obj/ble_app_blinky_pca10040e_s112/nrf_strerror.o
 .rodata.CSWTCH.14
                0x000000000001e65c        0x5 Output/Release/Obj/ble_app_blinky_pca10040e_s112/system_nrf52810.o
 .rodata.CSWTCH.18
                0x000000000001e661        0x5 Output/Release/Obj/ble_app_blinky_pca10040e_s112/system_nrf52810.o
 .rodata.CSWTCH.21
                0x000000000001e666        0x5 Output/Release/Obj/ble_app_blinky_pca10040e_s112/system_nrf52810.o
 .rodata.CSWTCH.4
                0x000000000001e66b        0x5 Output/Release/Obj/ble_app_blinky_pca10040e_s112/system_nrf52810.o
 .rodata.m_board_led_list
                0x000000000001e670        0x4 Output/Release/Obj/ble_app_blinky_pca10040e_s112/boards.o
 .rodata.str1.1
                0x000000000001e674        0x6 Output/Release/Obj/ble_app_blinky_pca10040e_s112/nrf_drv_clock.o
 .rodata.str1.1
                0x000000000001e67a        0x6 Output/Release/Obj/ble_app_blinky_pca10040e_s112/nrfx_clock.o
 .rodata.str1.1
                0x000000000001e680        0x7 Output/Release/Obj/ble_app_blinky_pca10040e_s112/nrfx_gpiote.o
 .rodata.str1.1
                0x000000000001e687        0x4 Output/Release/Obj/ble_app_blinky_pca10040e_s112/nrfx_prs.o
 .rodata.str1.1
                0x000000000001e68b        0x5 Output/Release/Obj/ble_app_blinky_pca10040e_s112/nrfx_uart.o
 .rodata.str1.1
                0x000000000001e690        0x6 Output/Release/Obj/ble_app_blinky_pca10040e_s112/nrfx_uarte.o
 .rodata.ble_evt_handler.str1.1